Archive member included to satisfy reference by file (symbol)

d:/microship studio 7/7.0/toolchain/arm/arm-gnu-toolchain/bin/../lib/gcc/arm-none-eabi/6.3.1/thumb/v7e-m\libgcc.a(_arm_addsubdf3.o)
                              src/main.o (__aeabi_i2d)
d:/microship studio 7/7.0/toolchain/arm/arm-gnu-toolchain/bin/../lib/gcc/arm-none-eabi/6.3.1/thumb/v7e-m\libgcc.a(_arm_muldivdf3.o)
                              src/main.o (__aeabi_dmul)
d:/microship studio 7/7.0/toolchain/arm/arm-gnu-toolchain/bin/../lib/gcc/arm-none-eabi/6.3.1/thumb/v7e-m\libgcc.a(_arm_cmpdf2.o)
                              src/main.o (__aeabi_dcmpeq)
d:/microship studio 7/7.0/toolchain/arm/arm-gnu-toolchain/bin/../lib/gcc/arm-none-eabi/6.3.1/thumb/v7e-m\libgcc.a(_arm_fixdfsi.o)
                              src/main.o (__aeabi_d2iz)
d:/microship studio 7/7.0/toolchain/arm/arm-gnu-toolchain/bin/../lib/gcc/arm-none-eabi/6.3.1/thumb/v7e-m\libgcc.a(_aeabi_uldivmod.o)
                              src/oled/ssd1306.o (__aeabi_uldivmod)
d:/microship studio 7/7.0/toolchain/arm/arm-gnu-toolchain/bin/../lib/gcc/arm-none-eabi/6.3.1/thumb/v7e-m\libgcc.a(_fixunsdfdi.o)
                              src/main.o (__aeabi_d2ulz)
d:/microship studio 7/7.0/toolchain/arm/arm-gnu-toolchain/bin/../lib/gcc/arm-none-eabi/6.3.1/thumb/v7e-m\libgcc.a(_udivmoddi4.o)
                              d:/microship studio 7/7.0/toolchain/arm/arm-gnu-toolchain/bin/../lib/gcc/arm-none-eabi/6.3.1/thumb/v7e-m\libgcc.a(_aeabi_uldivmod.o) (__udivmoddi4)
d:/microship studio 7/7.0/toolchain/arm/arm-gnu-toolchain/bin/../lib/gcc/arm-none-eabi/6.3.1/thumb/v7e-m\libgcc.a(_dvmd_tls.o)
                              d:/microship studio 7/7.0/toolchain/arm/arm-gnu-toolchain/bin/../lib/gcc/arm-none-eabi/6.3.1/thumb/v7e-m\libgcc.a(_aeabi_uldivmod.o) (__aeabi_ldiv0)
d:/microship studio 7/7.0/toolchain/arm/arm-gnu-toolchain/bin/../lib/gcc/arm-none-eabi/6.3.1/thumb/v7e-m\libgcc.a(_arm_fixunsdfsi.o)
                              d:/microship studio 7/7.0/toolchain/arm/arm-gnu-toolchain/bin/../lib/gcc/arm-none-eabi/6.3.1/thumb/v7e-m\libgcc.a(_fixunsdfdi.o) (__aeabi_d2uiz)
d:/microship studio 7/7.0/toolchain/arm/arm-gnu-toolchain/bin/../lib/gcc/arm-none-eabi/6.3.1/../../../../arm-none-eabi/lib/thumb/v7e-m\libc.a(lib_a-exit.o)
                              d:/microship studio 7/7.0/toolchain/arm/arm-gnu-toolchain/bin/../lib/gcc/arm-none-eabi/6.3.1/../../../../arm-none-eabi/lib/thumb/v7e-m/crt0.o (exit)
d:/microship studio 7/7.0/toolchain/arm/arm-gnu-toolchain/bin/../lib/gcc/arm-none-eabi/6.3.1/../../../../arm-none-eabi/lib/thumb/v7e-m\libc.a(lib_a-impure.o)
                              d:/microship studio 7/7.0/toolchain/arm/arm-gnu-toolchain/bin/../lib/gcc/arm-none-eabi/6.3.1/../../../../arm-none-eabi/lib/thumb/v7e-m\libc.a(lib_a-exit.o) (_global_impure_ptr)
d:/microship studio 7/7.0/toolchain/arm/arm-gnu-toolchain/bin/../lib/gcc/arm-none-eabi/6.3.1/../../../../arm-none-eabi/lib/thumb/v7e-m\libc.a(lib_a-init.o)
                              d:/microship studio 7/7.0/toolchain/arm/arm-gnu-toolchain/bin/../lib/gcc/arm-none-eabi/6.3.1/../../../../arm-none-eabi/lib/thumb/v7e-m/crt0.o (__libc_init_array)
d:/microship studio 7/7.0/toolchain/arm/arm-gnu-toolchain/bin/../lib/gcc/arm-none-eabi/6.3.1/../../../../arm-none-eabi/lib/thumb/v7e-m\libc.a(lib_a-memcpy.o)
                              src/main.o (memcpy)
d:/microship studio 7/7.0/toolchain/arm/arm-gnu-toolchain/bin/../lib/gcc/arm-none-eabi/6.3.1/../../../../arm-none-eabi/lib/thumb/v7e-m\libc.a(lib_a-memset.o)
                              d:/microship studio 7/7.0/toolchain/arm/arm-gnu-toolchain/bin/../lib/gcc/arm-none-eabi/6.3.1/../../../../arm-none-eabi/lib/thumb/v7e-m/crt0.o (memset)
d:/microship studio 7/7.0/toolchain/arm/arm-gnu-toolchain/bin/../lib/gcc/arm-none-eabi/6.3.1/../../../../arm-none-eabi/lib/thumb/v7e-m\libc.a(lib_a-strcpy.o)
                              src/main.o (strcpy)
d:/microship studio 7/7.0/toolchain/arm/arm-gnu-toolchain/bin/../lib/gcc/arm-none-eabi/6.3.1/../../../../arm-none-eabi/lib/thumb/v7e-m\libc.a(lib_a-__call_atexit.o)
                              d:/microship studio 7/7.0/toolchain/arm/arm-gnu-toolchain/bin/../lib/gcc/arm-none-eabi/6.3.1/../../../../arm-none-eabi/lib/thumb/v7e-m\libc.a(lib_a-exit.o) (__call_exitprocs)
d:/microship studio 7/7.0/toolchain/arm/arm-gnu-toolchain/bin/../lib/gcc/arm-none-eabi/6.3.1/../../../../arm-none-eabi/lib/thumb/v7e-m\libc.a(lib_a-atexit.o)
                              d:/microship studio 7/7.0/toolchain/arm/arm-gnu-toolchain/bin/../lib/gcc/arm-none-eabi/6.3.1/../../../../arm-none-eabi/lib/thumb/v7e-m\libc.a(lib_a-__call_atexit.o) (atexit)
d:/microship studio 7/7.0/toolchain/arm/arm-gnu-toolchain/bin/../lib/gcc/arm-none-eabi/6.3.1/../../../../arm-none-eabi/lib/thumb/v7e-m\libc.a(lib_a-fini.o)
[...]
Memory Configuration

Name             Origin             Length             Attributes
rom              0x00400000         0x00200000         xr
ram              0x20400000         0x00060000         xrw
*default*        0x00000000         0xffffffff

Linker script and memory map

LOAD d:/microship studio 7/7.0/toolchain/arm/arm-gnu-toolchain/bin/../lib/gcc/arm-none-eabi/6.3.1/thumb/v7e-m/crti.o
LOAD d:/microship studio 7/7.0/toolchain/arm/arm-gnu-toolchain/bin/../lib/gcc/arm-none-eabi/6.3.1/thumb/v7e-m/crtbegin.o
LOAD d:/microship studio 7/7.0/toolchain/arm/arm-gnu-toolchain/bin/../lib/gcc/arm-none-eabi/6.3.1/../../../../arm-none-eabi/lib/thumb/v7e-m/crt0.o
LOAD src/ASF/sam/drivers/spi/spi.o
LOAD src/ASF/sam/drivers/tc/tc.o
LOAD src/oled/gfx_mono_framebuffer.o
LOAD src/oled/gfx_mono_generic.o
LOAD src/oled/gfx_mono_text.o
LOAD src/oled/gfx_mono_ug_2832hsweg04.o
LOAD src/oled/ssd1306.o
LOAD src/oled/sysfont.o
LOAD src/ASF/common/services/delay/sam/cycle_counter.o
LOAD src/ASF/common/services/clock/same70/sysclk.o
LOAD src/ASF/common/utils/interrupt/interrupt_sam_nvic.o
LOAD src/ASF/sam/boards/same70_xplained/init.o
LOAD src/ASF/sam/drivers/mpu/mpu.o
LOAD src/ASF/sam/drivers/pio/pio.o
LOAD src/ASF/sam/drivers/pio/pio_handler.o
LOAD src/ASF/sam/drivers/pmc/pmc.o
LOAD src/ASF/sam/drivers/pmc/sleep.o
LOAD src/ASF/sam/utils/cmsis/same70/source/templates/gcc/startup_same70.o
LOAD src/ASF/sam/utils/cmsis/same70/source/templates/system_same70.o
LOAD src/ASF/sam/utils/syscalls/gcc/syscalls.o
LOAD src/main.o
START GROUP
LOAD ../src/ASF/thirdparty/CMSIS/Lib/GCC\libarm_cortexM7lfsp_math_softfp.a
LOAD d:/microship studio 7/7.0/toolchain/arm/arm-gnu-toolchain/bin/../lib/gcc/arm-none-eabi/6.3.1/../../../../arm-none-eabi/lib/thumb/v7e-m\libm.a
END GROUP
START GROUP
LOAD d:/microship studio 7/7.0/toolchain/arm/arm-gnu-toolchain/bin/../lib/gcc/arm-none-eabi/6.3.1/thumb/v7e-m\libgcc.a
LOAD d:/microship studio 7/7.0/toolchain/arm/arm-gnu-toolchain/bin/../lib/gcc/arm-none-eabi/6.3.1/../../../../arm-none-eabi/lib/thumb/v7e-m\libc.a
END GROUP
LOAD d:/microship studio 7/7.0/toolchain/arm/arm-gnu-toolchain/bin/../lib/gcc/arm-none-eabi/6.3.1/thumb/v7e-m/crtend.o
LOAD d:/microship studio 7/7.0/toolchain/arm/arm-gnu-toolchain/bin/../lib/gcc/arm-none-eabi/6.3.1/thumb/v7e-m/crtn.o
                0x00002000                STACK_SIZE = DEFINED (STACK_SIZE)?STACK_SIZE:0x2000
                0x2045fffc                __ram_end__ = ((ORIGIN (ram) + LENGTH (ram)) - 0x4)
                0x00000200                HEAP_SIZE = DEFINED (HEAP_SIZE)?HEAP_SIZE:0x200

.text           0x00400000     0x5318
                0x00400000                . = ALIGN (0x4)
                0x00400000                _sfixed = .
 *(.vectors .vectors.*)
 .vectors       0x00400000      0x140 src/ASF/sam/utils/cmsis/same70/source/templates/gcc/startup_same70.o
                0x00400000                exception_table
 *(.text .text.* .gnu.linkonce.t.*)
 .text          0x00400140       0x6c d:/microship studio 7/7.0/toolchain/arm/arm-gnu-toolchain/bin/../lib/gcc/arm-none-eabi/6.3.1/thumb/v7e-m/crtbegin.o
 .text.spi_get_peripheral_select_mode
                0x004001ac       0x26 src/ASF/sam/drivers/spi/spi.o
 *fill*         0x004001d2        0x2 
 .text.sysclk_enable_peripheral_clock
                0x004001d4       0x1c src/ASF/sam/drivers/spi/spi.o
 .text.spi_enable_clock
                0x004001f0       0x3c src/ASF/sam/drivers/spi/spi.o
                0x004001f0                spi_enable_clock
 .text.spi_set_peripheral_chip_select_value
                0x0040022c       0x34 src/ASF/sam/drivers/spi/spi.o
                0x0040022c                spi_set_peripheral_chip_select_value
 .text.spi_write
                0x00400260       0x80 src/ASF/sam/drivers/spi/spi.o
                0x00400260                spi_write
 .text.spi_set_clock_polarity
                0x004002e0       0x50 src/ASF/sam/drivers/spi/spi.o
                0x004002e0                spi_set_clock_polarity
 .text.spi_set_clock_phase
                0x00400330       0x50 src/ASF/sam/drivers/spi/spi.o
                0x00400330                spi_set_clock_phase
 .text.spi_configure_cs_behavior
                0x00400380       0xa6 src/ASF/sam/drivers/spi/spi.o
                0x00400380                spi_configure_cs_behavior
 .text.spi_set_bits_per_transfer
                0x00400426       0x4a src/ASF/sam/drivers/spi/spi.o
                0x00400426                spi_set_bits_per_transfer
 .text.spi_calc_baudrate_div
                0x00400470       0x3c src/ASF/sam/drivers/spi/spi.o
                0x00400470                spi_calc_baudrate_div
 .text.spi_set_baudrate_div
                0x004004ac       0x5e src/ASF/sam/drivers/spi/spi.o
                0x004004ac                spi_set_baudrate_div
 *fill*         0x0040050a        0x2 
 .text.gfx_mono_set_framebuffer
                0x0040050c       0x20 src/oled/gfx_mono_framebuffer.o
                0x0040050c                gfx_mono_set_framebuffer
 .text.gfx_mono_framebuffer_put_byte
                0x0040052c       0x38 src/oled/gfx_mono_framebuffer.o
                0x0040052c                gfx_mono_framebuffer_put_byte
 .text.gfx_mono_framebuffer_get_byte
                0x00400564       0x34 src/oled/gfx_mono_framebuffer.o
                0x00400564                gfx_mono_framebuffer_get_byte
 .text.gfx_mono_generic_draw_horizontal_line
                0x00400598      0x130 src/oled/gfx_mono_generic.o
                0x00400598                gfx_mono_generic_draw_horizontal_line
 .text.gfx_mono_generic_draw_filled_rect
                0x004006c8       0x50 src/oled/gfx_mono_generic.o
                0x004006c8                gfx_mono_generic_draw_filled_rect
 .text.gfx_mono_draw_char_progmem
                0x00400718       0xe0 src/oled/gfx_mono_text.o
 .text.gfx_mono_draw_char
                0x004007f8       0x54 src/oled/gfx_mono_text.o
                0x004007f8                gfx_mono_draw_char
 .text.gfx_mono_draw_string
                0x0040084c       0x6c src/oled/gfx_mono_text.o
                0x0040084c                gfx_mono_draw_string
 .text.ssd1306_set_page_address
                0x004008b8       0x2c src/oled/gfx_mono_ug_2832hsweg04.o
 .text.ssd1306_set_column_address
                0x004008e4       0x40 src/oled/gfx_mono_ug_2832hsweg04.o
 .text.ssd1306_set_display_start_line_address
                0x00400924       0x2c src/oled/gfx_mono_ug_2832hsweg04.o
 .text.gfx_mono_ssd1306_init
                0x00400950       0x64 src/oled/gfx_mono_ug_2832hsweg04.o
                0x00400950                gfx_mono_ssd1306_init
 .text.gfx_mono_ssd1306_draw_pixel
                0x004009b4       0x9c src/oled/gfx_mono_ug_2832hsweg04.o
                0x004009b4                gfx_mono_ssd1306_draw_pixel
 .text.gfx_mono_ssd1306_put_byte
                0x00400a50       0x84 src/oled/gfx_mono_ug_2832hsweg04.o
                0x00400a50                gfx_mono_ssd1306_put_byte
 .text.gfx_mono_ssd1306_get_byte
                0x00400ad4       0x2c src/oled/gfx_mono_ug_2832hsweg04.o
                0x00400ad4                gfx_mono_ssd1306_get_byte
 .text.osc_get_rate
                0x00400b00       0x74 src/oled/ssd1306.o
 .text.sysclk_get_main_hz
                0x00400b74       0x20 src/oled/ssd1306.o
 .text.sysclk_get_cpu_hz
                0x00400b94       0x14 src/oled/ssd1306.o
 .text.sysclk_get_peripheral_hz
                0x00400ba8       0x14 src/oled/ssd1306.o
 .text.ioport_enable_pin
                0x00400bbc       0x4c src/oled/ssd1306.o
 .text.ioport_set_pin_mode
                0x00400c08      0x11c src/oled/ssd1306.o
 .text.ioport_set_pin_dir
                0x00400d24       0x88 src/oled/ssd1306.o
 .text.ioport_set_pin_level
                0x00400dac       0x6c src/oled/ssd1306.o
 .text.spi_reset
                0x00400e18       0x1a src/oled/ssd1306.o
 .text.spi_enable
                0x00400e32       0x1a src/oled/ssd1306.o
 .text.spi_disable
                0x00400e4c       0x1a src/oled/ssd1306.o
 .text.spi_set_master_mode
                0x00400e66       0x20 src/oled/ssd1306.o
 .text.spi_set_fixed_peripheral_select
                0x00400e86       0x20 src/oled/ssd1306.o
 .text.spi_disable_mode_fault_detect
                0x00400ea6       0x20 src/oled/ssd1306.o
 .text.spi_disable_loopback
                0x00400ec6       0x20 src/oled/ssd1306.o
 *fill*         0x00400ee6        0x2 
 .text.ssd1306_hard_reset
                0x00400ee8       0x54 src/oled/ssd1306.o
 .text.ssd1306_display_on
                0x00400f3c       0x14 src/oled/ssd1306.o
 .text.ssd1306_set_contrast
                0x00400f50       0x28 src/oled/ssd1306.o
 .text.ssd1306_display_invert_disable
                0x00400f78       0x14 src/oled/ssd1306.o
 .text.ssd1306_interface_init
                0x00400f8c      0x180 src/oled/ssd1306.o
 .text.ssd1306_init
                0x0040110c       0xb0 src/oled/ssd1306.o
                0x0040110c                ssd1306_init
 .text.ssd1306_write_command
                0x004011bc       0xa4 src/oled/ssd1306.o
                0x004011bc                ssd1306_write_command
 .text.ssd1306_write_data
                0x00401260       0xa4 src/oled/ssd1306.o
                0x00401260                ssd1306_write_data
 .text.osc_enable
                0x00401304       0x88 src/ASF/common/services/clock/same70/sysclk.o
 .text.osc_is_ready
                0x0040138c       0x70 src/ASF/common/services/clock/same70/sysclk.o
 .text.osc_get_rate
                0x004013fc       0x74 src/ASF/common/services/clock/same70/sysclk.o
 .text.osc_wait_ready
                0x00401470       0x2c src/ASF/common/services/clock/same70/sysclk.o
 .text.pll_config_init
                0x0040149c       0x6c src/ASF/common/services/clock/same70/sysclk.o
 .text.pll_enable
                0x00401508       0x40 src/ASF/common/services/clock/same70/sysclk.o
 .text.pll_is_locked
                0x00401548       0x2c src/ASF/common/services/clock/same70/sysclk.o
 .text.pll_enable_source
                0x00401574       0x38 src/ASF/common/services/clock/same70/sysclk.o
 .text.pll_wait_for_lock
                0x004015ac       0x24 src/ASF/common/services/clock/same70/sysclk.o
 .text.sysclk_get_main_hz
                0x004015d0       0x20 src/ASF/common/services/clock/same70/sysclk.o
 .text.sysclk_get_cpu_hz
                0x004015f0       0x14 src/ASF/common/services/clock/same70/sysclk.o
 .text.sysclk_init
                0x00401604       0x7c src/ASF/common/services/clock/same70/sysclk.o
                0x00401604                sysclk_init
 .text.SCB_EnableICache
                0x00401680       0x38 src/ASF/sam/boards/same70_xplained/init.o
 .text.SCB_EnableDCache
                0x004016b8       0xa4 src/ASF/sam/boards/same70_xplained/init.o
 .text.sysclk_enable_peripheral_clock
                0x0040175c       0x1c src/ASF/sam/boards/same70_xplained/init.o
 .text.ioport_init
                0x00401778       0x2c src/ASF/sam/boards/same70_xplained/init.o
 .text.ioport_set_pin_mode
                0x004017a4      0x11c src/ASF/sam/boards/same70_xplained/init.o
 .text.ioport_set_pin_dir
                0x004018c0       0x88 src/ASF/sam/boards/same70_xplained/init.o
 .text.ioport_set_pin_level
                0x00401948       0x6c src/ASF/sam/boards/same70_xplained/init.o
 .text.ioport_set_pin_sense_mode
                0x004019b4       0xd0 src/ASF/sam/boards/same70_xplained/init.o
 .text.tcm_disable
                0x00401a84       0x44 src/ASF/sam/boards/same70_xplained/init.o
 .text.board_init
                0x00401ac8       0x84 src/ASF/sam/boards/same70_xplained/init.o
                0x00401ac8                board_init
 .text.pio_pull_up
                0x00401b4c       0x2c src/ASF/sam/drivers/pio/pio.o
                0x00401b4c                pio_pull_up
 .text.pio_set  0x00401b78       0x1c src/ASF/sam/drivers/pio/pio.o
                0x00401b78                pio_set
 .text.pio_clear
                0x00401b94       0x1c src/ASF/sam/drivers/pio/pio.o
                0x00401b94                pio_clear
 .text.pio_get  0x00401bb0       0x46 src/ASF/sam/drivers/pio/pio.o
                0x00401bb0                pio_get
 .text.pio_set_peripheral
                0x00401bf6      0x110 src/ASF/sam/drivers/pio/pio.o
                0x00401bf6                pio_set_peripheral
 *fill*         0x00401d06        0x2 
 .text.pio_set_input
                0x00401d08       0x80 src/ASF/sam/drivers/pio/pio.o
                0x00401d08                pio_set_input
 .text.pio_set_output
                0x00401d88       0x64 src/ASF/sam/drivers/pio/pio.o
                0x00401d88                pio_set_output
 .text.pio_configure
                0x00401dec       0xcc src/ASF/sam/drivers/pio/pio.o
                0x00401dec                pio_configure
 .text.pio_configure_interrupt
                0x00401eb8       0x6c src/ASF/sam/drivers/pio/pio.o
                0x00401eb8                pio_configure_interrupt
 .text.pio_enable_interrupt
                0x00401f24       0x1c src/ASF/sam/drivers/pio/pio.o
                0x00401f24                pio_enable_interrupt
 .text.pio_disable_interrupt
                0x00401f40       0x1c src/ASF/sam/drivers/pio/pio.o
                0x00401f40                pio_disable_interrupt
 .text.pio_get_interrupt_status
                0x00401f5c       0x18 src/ASF/sam/drivers/pio/pio.o
                0x00401f5c                pio_get_interrupt_status
 .text.pio_get_interrupt_mask
                0x00401f74       0x18 src/ASF/sam/drivers/pio/pio.o
                0x00401f74                pio_get_interrupt_mask
 .text.pio_handler_process
                0x00401f8c       0xb4 src/ASF/sam/drivers/pio/pio_handler.o
                0x00401f8c                pio_handler_process
 .text.pio_handler_set
                0x00402040       0xa0 src/ASF/sam/drivers/pio/pio_handler.o
                0x00402040                pio_handler_set
 .text.PIOA_Handler
                0x004020e0       0x18 src/ASF/sam/drivers/pio/pio_handler.o
                0x004020e0                PIOA_Handler
 .text.PIOB_Handler
                0x004020f8       0x18 src/ASF/sam/drivers/pio/pio_handler.o
                0x004020f8                PIOB_Handler
 .text.PIOC_Handler
                0x00402110       0x18 src/ASF/sam/drivers/pio/pio_handler.o
                0x00402110                PIOC_Handler
 .text.PIOD_Handler
                0x00402128       0x18 src/ASF/sam/drivers/pio/pio_handler.o
                0x00402128                PIOD_Handler
 .text.PIOE_Handler
                0x00402140       0x18 src/ASF/sam/drivers/pio/pio_handler.o
                0x00402140                PIOE_Handler
 .text.pmc_mck_set_division
                0x00402158       0x7c src/ASF/sam/drivers/pmc/pmc.o
                0x00402158                pmc_mck_set_division
 .text.pmc_switch_mck_to_pllack
                0x004021d4       0x84 src/ASF/sam/drivers/pmc/pmc.o
                0x004021d4                pmc_switch_mck_to_pllack
 .text.pmc_switch_sclk_to_32kxtal
                0x00402258       0x38 src/ASF/sam/drivers/pmc/pmc.o
                0x00402258                pmc_switch_sclk_to_32kxtal
 .text.pmc_osc_is_ready_32kxtal
                0x00402290       0x34 src/ASF/sam/drivers/pmc/pmc.o
                0x00402290                pmc_osc_is_ready_32kxtal
 .text.pmc_switch_mainck_to_fastrc
                0x004022c4       0x70 src/ASF/sam/drivers/pmc/pmc.o
                0x004022c4                pmc_switch_mainck_to_fastrc
 .text.pmc_switch_mainck_to_xtal
                0x00402334       0x78 src/ASF/sam/drivers/pmc/pmc.o
                0x00402334                pmc_switch_mainck_to_xtal
 .text.pmc_osc_is_ready_mainck
                0x004023ac       0x1c src/ASF/sam/drivers/pmc/pmc.o
                0x004023ac                pmc_osc_is_ready_mainck
 .text.pmc_disable_pllack
                0x004023c8       0x1c src/ASF/sam/drivers/pmc/pmc.o
                0x004023c8                pmc_disable_pllack
 .text.pmc_is_locked_pllack
                0x004023e4       0x1c src/ASF/sam/drivers/pmc/pmc.o
                0x004023e4                pmc_is_locked_pllack
 .text.pmc_is_locked_upll
                0x00402400       0x1c src/ASF/sam/drivers/pmc/pmc.o
                0x00402400                pmc_is_locked_upll
 .text.pmc_enable_periph_clk
                0x0040241c       0x84 src/ASF/sam/drivers/pmc/pmc.o
                0x0040241c                pmc_enable_periph_clk
 .text.cpu_irq_save
                0x004024a0       0x38 src/ASF/sam/utils/cmsis/same70/source/templates/gcc/startup_same70.o
 .text.cpu_irq_is_enabled_flags
                0x004024d8       0x20 src/ASF/sam/utils/cmsis/same70/source/templates/gcc/startup_same70.o
 .text.cpu_irq_restore
                0x004024f8       0x30 src/ASF/sam/utils/cmsis/same70/source/templates/gcc/startup_same70.o
 .text.Reset_Handler
                0x00402528       0xb0 src/ASF/sam/utils/cmsis/same70/source/templates/gcc/startup_same70.o
                0x00402528                Reset_Handler
 .text.Dummy_Handler
                0x004025d8        0x6 src/ASF/sam/utils/cmsis/same70/source/templates/gcc/startup_same70.o
                0x004025d8                DACC_Handler
                0x004025d8                DebugMon_Handler
                0x004025d8                UART3_Handler
                0x004025d8                UART2_Handler
                0x004025d8                TRNG_Handler
                0x004025d8                HardFault_Handler
                0x004025d8                TC2_Handler
                0x004025d8                SysTick_Handler
                0x004025d8                AFEC1_Handler
                0x004025d8                PendSV_Handler
                0x004025d8                NMI_Handler
                0x004025d8                TC7_Handler
                0x004025d8                QSPI_Handler
                0x004025d8                ISI_Handler
                0x004025d8                TC9_Handler
                0x004025d8                RSWDT_Handler
                0x004025d8                MCAN1_Handler
                0x004025d8                USART0_Handler
                0x004025d8                RTT_Handler
                0x004025d8                USBHS_Handler
                0x004025d8                RTC_Handler
                0x004025d8                UsageFault_Handler
                0x004025d8                TC6_Handler
                0x004025d8                WDT_Handler
                0x004025d8                TC4_Handler
                0x004025d8                TC1_Handler
                0x004025d8                HSMCI_Handler
                0x004025d8                UART1_Handler
                0x004025d8                TC3_Handler
                0x004025d8                Dummy_Handler
                0x004025d8                TWIHS1_Handler
                0x004025d8                XDMAC_Handler
                0x004025d8                UART4_Handler
                0x004025d8                PWM1_Handler
                0x004025d8                USART1_Handler
                0x004025d8                PWM0_Handler
                0x004025d8                AFEC0_Handler
                0x004025d8                TC11_Handler
                0x004025d8                SSC_Handler
                0x004025d8                ACC_Handler
                0x004025d8                PMC_Handler
                0x004025d8                GMAC_Handler
                0x004025d8                MemManage_Handler
                0x004025d8                SUPC_Handler
                0x004025d8                SVC_Handler
                0x004025d8                TC8_Handler
                0x004025d8                EFC_Handler
                0x004025d8                USART2_Handler
                0x004025d8                SDRAMC_Handler
                0x004025d8                SPI1_Handler
                0x004025d8                MCAN0_Handler
                0x004025d8                TC10_Handler
                0x004025d8                TWIHS2_Handler
                0x004025d8                UART0_Handler
                0x004025d8                BusFault_Handler
                0x004025d8                RSTC_Handler
                0x004025d8                TC0_Handler
                0x004025d8                TC5_Handler
                0x004025d8                AES_Handler
                0x004025d8                ICM_Handler
                0x004025d8                TWIHS0_Handler
                0x004025d8                SPI0_Handler
 *fill*         0x004025de        0x2 
 .text.SystemCoreClockUpdate
                0x004025e0      0x168 src/ASF/sam/utils/cmsis/same70/source/templates/system_same70.o
                0x004025e0                SystemCoreClockUpdate
 .text.system_init_flash
                0x00402748       0xb0 src/ASF/sam/utils/cmsis/same70/source/templates/system_same70.o
                0x00402748                system_init_flash
 .text.NVIC_EnableIRQ
                0x004027f8       0x34 src/main.o
 .text.NVIC_SetPriority
                0x0040282c       0x54 src/main.o
 .text.osc_get_rate
                0x00402880       0x74 src/main.o
 .text.sysclk_get_main_hz
                0x004028f4       0x20 src/main.o
 .text.sysclk_get_cpu_hz
                0x00402914       0x14 src/main.o
 .text.tone     0x00402928      0x2d4 src/main.o
                0x00402928                tone
 *fill*         0x00402bfc        0x4 
 .text.play     0x00402c00      0x3b4 src/main.o
                0x00402c00                play
 .text.back_song
                0x00402fb4       0x54 src/main.o
                0x00402fb4                back_song
 .text.next_song
                0x00403008       0x54 src/main.o
                0x00403008                next_song
 .text.but_callback
                0x0040305c       0x28 src/main.o
                0x0040305c                but_callback
 .text.init     0x00403084      0x14c src/main.o
                0x00403084                init
 .text.main     0x004031d0      0x684 src/main.o
                0x004031d0                main
 .text          0x00403854      0x370 d:/microship studio 7/7.0/toolchain/arm/arm-gnu-toolchain/bin/../lib/gcc/arm-none-eabi/6.3.1/thumb/v7e-m\libgcc.a(_arm_addsubdf3.o)
                0x00403854                __aeabi_drsub
                0x0040385c                __aeabi_dsub
                0x0040385c                __subdf3
                0x00403860                __aeabi_dadd
                0x00403860                __adddf3
                0x00403ad8                __floatunsidf
                0x00403ad8                __aeabi_ui2d
                0x00403af8                __floatsidf
                0x00403af8                __aeabi_i2d
                0x00403b1c                __aeabi_f2d
                0x00403b1c                __extendsfdf2
                0x00403b58                __floatundidf
                0x00403b58                __aeabi_ul2d
                0x00403b68                __floatdidf
                0x00403b68                __aeabi_l2d
 .text          0x00403bc4      0x424 d:/microship studio 7/7.0/toolchain/arm/arm-gnu-toolchain/bin/../lib/gcc/arm-none-eabi/6.3.1/thumb/v7e-m\libgcc.a(_arm_muldivdf3.o)
                0x00403bc4                __aeabi_dmul
                0x00403bc4                __muldf3
                0x00403e18                __divdf3
                0x00403e18                __aeabi_ddiv
 .text          0x00403fe8      0x110 d:/microship studio 7/7.0/toolchain/arm/arm-gnu-toolchain/bin/../lib/gcc/arm-none-eabi/6.3.1/thumb/v7e-m\libgcc.a(_arm_cmpdf2.o)
                0x00403fe8                __gtdf2
                0x00403fe8                __gedf2
                0x00403ff0                __ltdf2
                0x00403ff0                __ledf2
                0x00403ff8                __nedf2
                0x00403ff8                __eqdf2
                0x00403ff8                __cmpdf2
                0x00404074                __aeabi_cdrcmple
                0x00404084                __aeabi_cdcmpeq
                0x00404084                __aeabi_cdcmple
                0x00404094                __aeabi_dcmpeq
                0x004040a8                __aeabi_dcmplt
                0x004040bc                __aeabi_dcmple
                0x004040d0                __aeabi_dcmpge
                0x004040e4                __aeabi_dcmpgt
 .text          0x004040f8       0x50 d:/microship studio 7/7.0/toolchain/arm/arm-gnu-toolchain/bin/../lib/gcc/arm-none-eabi/6.3.1/thumb/v7e-m\libgcc.a(_arm_fixdfsi.o)
                0x004040f8                __aeabi_d2iz
                0x004040f8                __fixdfsi
 .text          0x00404148       0x30 d:/microship studio 7/7.0/toolchain/arm/arm-gnu-toolchain/bin/../lib/gcc/arm-none-eabi/6.3.1/thumb/v7e-m\libgcc.a(_aeabi_uldivmod.o)
                0x00404148                __aeabi_uldivmod
 .text          0x00404178       0x48 d:/microship studio 7/7.0/toolchain/arm/arm-gnu-toolchain/bin/../lib/gcc/arm-none-eabi/6.3.1/thumb/v7e-m\libgcc.a(_fixunsdfdi.o)
                0x00404178                __fixunsdfdi
                0x00404178                __aeabi_d2ulz
 .text          0x004041c0      0x2dc d:/microship studio 7/7.0/toolchain/arm/arm-gnu-toolchain/bin/../lib/gcc/arm-none-eabi/6.3.1/thumb/v7e-m\libgcc.a(_udivmoddi4.o)
                0x004041c0                __udivmoddi4
 .text          0x0040449c        0x4 d:/microship studio 7/7.0/toolchain/arm/arm-gnu-toolchain/bin/../lib/gcc/arm-none-eabi/6.3.1/thumb/v7e-m\libgcc.a(_dvmd_tls.o)
                0x0040449c                __aeabi_idiv0
                0x0040449c                __aeabi_ldiv0
 .text          0x004044a0       0x40 d:/microship studio 7/7.0/toolchain/arm/arm-gnu-toolchain/bin/../lib/gcc/arm-none-eabi/6.3.1/thumb/v7e-m\libgcc.a(_arm_fixunsdfsi.o)
                0x004044a0                __aeabi_d2uiz
                0x004044a0                __fixunsdfsi
 .text.__libc_init_array
                0x004044e0       0x50 d:/microship studio 7/7.0/toolchain/arm/arm-gnu-toolchain/bin/../lib/gcc/arm-none-eabi/6.3.1/../../../../arm-none-eabi/lib/thumb/v7e-m\libc.a(lib_a-init.o)
                0x004044e0                __libc_init_array
 .text          0x00404530      0x134 d:/microship studio 7/7.0/toolchain/arm/arm-gnu-toolchain/bin/../lib/gcc/arm-none-eabi/6.3.1/../../../../arm-none-eabi/lib/thumb/v7e-m\libc.a(lib_a-memcpy.o)
                0x00404530                memcpy
 .text.strcpy   0x00404664       0xbc d:/microship studio 7/7.0/toolchain/arm/arm-gnu-toolchain/bin/../lib/gcc/arm-none-eabi/6.3.1/../../../../arm-none-eabi/lib/thumb/v7e-m\libc.a(lib_a-strcpy.o)
                0x00404664                strcpy
 .text.startup.register_fini
                0x00404720       0x14 d:/microship studio 7/7.0/toolchain/arm/arm-gnu-toolchain/bin/../lib/gcc/arm-none-eabi/6.3.1/../../../../arm-none-eabi/lib/thumb/v7e-m\libc.a(lib_a-__call_atexit.o)
 .text.atexit   0x00404734        0xc d:/microship studio 7/7.0/toolchain/arm/arm-gnu-toolchain/bin/../lib/gcc/arm-none-eabi/6.3.1/../../../../arm-none-eabi/lib/thumb/v7e-m\libc.a(lib_a-atexit.o)
                0x00404734                atexit
 .text.__libc_fini_array
                0x00404740       0x34 d:/microship studio 7/7.0/toolchain/arm/arm-gnu-toolchain/bin/../lib/gcc/arm-none-eabi/6.3.1/../../../../arm-none-eabi/lib/thumb/v7e-m\libc.a(lib_a-fini.o)
                0x00404740                __libc_fini_array
 .text.__retarget_lock_acquire_recursive
                0x00404774        0x4 d:/microship studio 7/7.0/toolchain/arm/arm-gnu-toolchain/bin/../lib/gcc/arm-none-eabi/6.3.1/../../../../arm-none-eabi/lib/thumb/v7e-m\libc.a(lib_a-lock.o)
                0x00404774                __retarget_lock_acquire_recursive
 .text.__retarget_lock_release_recursive
                0x00404778        0x4 d:/microship studio 7/7.0/toolchain/arm/arm-gnu-toolchain/bin/../lib/gcc/arm-none-eabi/6.3.1/../../../../arm-none-eabi/lib/thumb/v7e-m\libc.a(lib_a-lock.o)
                0x00404778                __retarget_lock_release_recursive
 .text.__register_exitproc
                0x0040477c       0xc4 d:/microship studio 7/7.0/toolchain/arm/arm-gnu-toolchain/bin/../lib/gcc/arm-none-eabi/6.3.1/../../../../arm-none-eabi/lib/thumb/v7e-m\libc.a(lib_a-__atexit.o)
                0x0040477c                __register_exitproc
 *(.glue_7t)
 .glue_7t       0x00404840        0x0 linker stubs
 *(.glue_7)
 .glue_7        0x00404840        0x0 linker stubs
 *(.rodata .rodata* .gnu.linkonce.r.*)
 .rodata.sysfont_glyphs
                0x00404840      0xa48 src/oled/sysfont.o
 .rodata        0x00405288       0x66 src/main.o
 *fill*         0x004052ee        0x2 
 .rodata._global_impure_ptr
                0x004052f0        0x4 d:/microship studio 7/7.0/toolchain/arm/arm-gnu-toolchain/bin/../lib/gcc/arm-none-eabi/6.3.1/../../../../arm-none-eabi/lib/thumb/v7e-m\libc.a(lib_a-impure.o)
                0x004052f0                _global_impure_ptr
 *(.ARM.extab* .gnu.linkonce.armextab.*)
                0x004052f4                . = ALIGN (0x4)
 *(.init)
 .init          0x004052f4        0x4 d:/microship studio 7/7.0/toolchain/arm/arm-gnu-toolchain/bin/../lib/gcc/arm-none-eabi/6.3.1/thumb/v7e-m/crti.o
                0x004052f4                _init
 .init          0x004052f8        0x8 d:/microship studio 7/7.0/toolchain/arm/arm-gnu-toolchain/bin/../lib/gcc/arm-none-eabi/6.3.1/thumb/v7e-m/crtn.o
                0x00405300                . = ALIGN (0x4)
                0x00405300                __preinit_array_start = .
 *(.preinit_array)
                0x00405300                __preinit_array_end = .
                0x00405300                . = ALIGN (0x4)
                0x00405300                __init_array_start = .
 *(SORT(.init_array.*))
 .init_array.00000
                0x00405300        0x4 d:/microship studio 7/7.0/toolchain/arm/arm-gnu-toolchain/bin/../lib/gcc/arm-none-eabi/6.3.1/../../../../arm-none-eabi/lib/thumb/v7e-m\libc.a(lib_a-__call_atexit.o)
 *(.init_array)
 .init_array    0x00405304        0x4 d:/microship studio 7/7.0/toolchain/arm/arm-gnu-toolchain/bin/../lib/gcc/arm-none-eabi/6.3.1/thumb/v7e-m/crtbegin.o
                0x00405308                __init_array_end = .
                0x00405308                . = ALIGN (0x4)
 *crtbegin.o(.ctors)
 *(EXCLUDE_FILE(*crtend.o) .ctors)
 *(SORT(.ctors.*))
 *crtend.o(.ctors)
                0x00405308                . = ALIGN (0x4)
 *(.fini)
 .fini          0x00405308        0x4 d:/microship studio 7/7.0/toolchain/arm/arm-gnu-toolchain/bin/../lib/gcc/arm-none-eabi/6.3.1/thumb/v7e-m/crti.o
                0x00405308                _fini
 .fini          0x0040530c        0x8 d:/microship studio 7/7.0/toolchain/arm/arm-gnu-toolchain/bin/../lib/gcc/arm-none-eabi/6.3.1/thumb/v7e-m/crtn.o
                0x00405314                . = ALIGN (0x4)
                0x00405314                __fini_array_start = .
 *(.fini_array)
 .fini_array    0x00405314        0x4 d:/microship studio 7/7.0/toolchain/arm/arm-gnu-toolchain/bin/../lib/gcc/arm-none-eabi/6.3.1/thumb/v7e-m/crtbegin.o
 *(SORT(.fini_array.*))
                0x00405318                __fini_array_end = .
 *crtbegin.o(.dtors)
 *(EXCLUDE_FILE(*crtend.o) .dtors)
 *(SORT(.dtors.*))
 *crtend.o(.dtors)
                0x00405318                . = ALIGN (0x4)
                0x00405318                _efixed = .
                [!provide]                PROVIDE (__exidx_start, .)

.vfp11_veneer   0x00405318        0x0
 .vfp11_veneer  0x00405318        0x0 linker stubs

.v4_bx          0x00405318        0x0
 .v4_bx         0x00405318        0x0 linker stubs

.iplt           0x00405318        0x0
 .iplt          0x00405318        0x0 d:/microship studio 7/7.0/toolchain/arm/arm-gnu-toolchain/bin/../lib/gcc/arm-none-eabi/6.3.1/thumb/v7e-m/crtbegin.o

.ARM.exidx      0x00405318        0x8
 *(.ARM.exidx* .gnu.linkonce.armexidx.*)
 .ARM.exidx     0x00405318        0x8 d:/microship studio 7/7.0/toolchain/arm/arm-gnu-toolchain/bin/../lib/gcc/arm-none-eabi/6.3.1/thumb/v7e-m\libgcc.a(_udivmoddi4.o)
                [!provide]                PROVIDE (__exidx_end, .)

.eh_frame       0x00405320        0x0
 .eh_frame      0x00405320        0x0 d:/microship studio 7/7.0/toolchain/arm/arm-gnu-toolchain/bin/../lib/gcc/arm-none-eabi/6.3.1/thumb/v7e-m/crtbegin.o

.rel.dyn        0x00405320        0x0
 .rel.iplt      0x00405320        0x0 d:/microship studio 7/7.0/toolchain/arm/arm-gnu-toolchain/bin/../lib/gcc/arm-none-eabi/6.3.1/thumb/v7e-m/crtbegin.o

.jcr            0x00405320        0x0
 .jcr           0x00405320        0x0 d:/microship studio 7/7.0/toolchain/arm/arm-gnu-toolchain/bin/../lib/gcc/arm-none-eabi/6.3.1/thumb/v7e-m/crtbegin.o

.igot.plt       0x00405320        0x0
 .igot.plt      0x00405320        0x0 d:/microship studio 7/7.0/toolchain/arm/arm-gnu-toolchain/bin/../lib/gcc/arm-none-eabi/6.3.1/thumb/v7e-m/crtbegin.o
                0x00405320                . = ALIGN (0x4)
                0x00405320                _etext = .

.relocate       0x20400000     0x1e5c load address 0x00405320
                0x20400000                . = ALIGN (0x4)
                0x20400000                _srelocate = .
 *(.ramfunc .ramfunc.*)
 .ramfunc       0x20400000        0xa src/ASF/common/services/delay/sam/cycle_counter.o
                0x20400000                portable_delay_cycles
 *(.data .data.*)
 *fill*         0x2040000a        0x2 
 .data.sysfont  0x2040000c        0xc src/oled/sysfont.o
                0x2040000c                sysfont
 .data.g_interrupt_enabled
                0x20400018        0x1 src/ASF/common/utils/interrupt/interrupt_sam_nvic.o
                0x20400018                g_interrupt_enabled
 *fill*         0x20400019        0x3 
 .data.SystemCoreClock
                0x2040001c        0x4 src/ASF/sam/utils/cmsis/same70/source/templates/system_same70.o
                0x2040001c                SystemCoreClock
 .data.pause_flag
                0x20400020        0x4 src/main.o
                0x20400020                pause_flag
 .data.contador
                0x20400024        0x4 src/main.o
                0x20400024                contador
 .data.got_tempo
                0x20400028        0x4 src/main.o
                0x20400028                got_tempo
 .data.got_title
                0x2040002c        0xd src/main.o
                0x2040002c                got_title
 *fill*         0x20400039        0x3 
 .data.got_melody
                0x2040003c      0x410 src/main.o
                0x2040003c                got_melody
 .data.mii_tempo
                0x2040044c        0x4 src/main.o
                0x2040044c                mii_tempo
 .data.mii_title
                0x20400450        0xd src/main.o
                0x20400450                mii_title
 *fill*         0x2040045d        0x3 
 .data.mii_melody
                0x20400460      0x8f0 src/main.o
                0x20400460                mii_melody
 .data.mario_tempo
                0x20400d50        0x4 src/main.o
                0x20400d50                mario_tempo
 .data.mario_title
                0x20400d54        0xd src/main.o
                0x20400d54                mario_title
 *fill*         0x20400d61        0x3 
 .data.mario_melody
                0x20400d64      0xa08 src/main.o
                0x20400d64                mario_melody
 .data.starwars_tempo
                0x2040176c        0x4 src/main.o
                0x2040176c                starwars_tempo
 .data.starwars_title
                0x20401770        0xd src/main.o
                0x20401770                starwars_title
 *fill*         0x2040177d        0x3 
 .data.starwars_melody
                0x20401780      0x2b0 src/main.o
                0x20401780                starwars_melody
 .data.impure_data
                0x20401a30      0x428 d:/microship studio 7/7.0/toolchain/arm/arm-gnu-toolchain/bin/../lib/gcc/arm-none-eabi/6.3.1/../../../../arm-none-eabi/lib/thumb/v7e-m\libc.a(lib_a-impure.o)
 .data.__atexit_recursive_mutex
                0x20401e58        0x4 d:/microship studio 7/7.0/toolchain/arm/arm-gnu-toolchain/bin/../lib/gcc/arm-none-eabi/6.3.1/../../../../arm-none-eabi/lib/thumb/v7e-m\libc.a(lib_a-__call_atexit.o)
                0x20401e58                __atexit_recursive_mutex
                0x20401e5c                . = ALIGN (0x4)
                0x20401e5c                _erelocate = .

.bss            0x20401e5c      0x2b8 load address 0x0040717c
                0x20401e5c                . = ALIGN (0x4)
                0x20401e5c                _sbss = .
                0x20401e5c                _szero = .
 *(.bss .bss.*)
 .bss           0x20401e5c       0x1c d:/microship studio 7/7.0/toolchain/arm/arm-gnu-toolchain/bin/../lib/gcc/arm-none-eabi/6.3.1/thumb/v7e-m/crtbegin.o
 .bss.fbpointer
                0x20401e78        0x4 src/oled/gfx_mono_framebuffer.o
 .bss.framebuffer
                0x20401e7c      0x200 src/oled/gfx_mono_ug_2832hsweg04.o
 .bss.gs_interrupt_sources
                0x2040207c       0x70 src/ASF/sam/drivers/pio/pio_handler.o
 .bss.gs_ul_nb_sources
                0x204020ec        0x4 src/ASF/sam/drivers/pio/pio_handler.o
 *(COMMON)
 COMMON         0x204020f0       0x21 d:/microship studio 7/7.0/toolchain/arm/arm-gnu-toolchain/bin/../lib/gcc/arm-none-eabi/6.3.1/../../../../arm-none-eabi/lib/thumb/v7e-m\libc.a(lib_a-lock.o)
                0x204020f0                __lock___atexit_recursive_mutex
                0x204020f4                __lock___arc4random_mutex
                0x204020f8                __lock___env_recursive_mutex
                0x204020fc                __lock___sinit_recursive_mutex
                0x20402100                __lock___malloc_recursive_mutex
                0x20402104                __lock___at_quick_exit_mutex
                0x20402108                __lock___dd_hash_mutex
                0x2040210c                __lock___tz_mutex
                0x20402110                __lock___sfp_recursive_mutex
                0x20402114                . = ALIGN (0x4)
 *fill*         0x20402111        0x3 
                0x20402114                _ebss = .
                0x20402114                _ezero = .

.stack          0x20402114     0x2004 load address 0x00407434
                0x20402118                . = ALIGN (0x8)
 *fill*         0x20402114        0x4 
                0x20402118                _sstack = .
                0x20404118                . = (. + STACK_SIZE)
 *fill*         0x20402118     0x2000 
                0x20404118                . = ALIGN (0x8)
                0x20404118                _estack = .

.heap           0x20404118      0x200 load address 0x00409438
                0x20404118                . = ALIGN (0x8)
                0x20404118                _sheap = .
                0x20404318                . = (. + HEAP_SIZE)
 *fill*         0x20404118      0x200 
                0x20404318                . = ALIGN (0x8)
                0x20404318                _eheap = .
                0x20404318                . = ALIGN (0x4)
                0x20404318                _end = .
                0x2045ffff                _ram_end_ = ((ORIGIN (ram) + LENGTH (ram)) - 0x1)
OUTPUT(APS1.elf elf32-littlearm)

.ARM.attributes
                0x00000000       0x2e
 .ARM.attributes
                0x00000000       0x1e d:/microship studio 7/7.0/toolchain/arm/arm-gnu-toolchain/bin/../lib/gcc/arm-none-eabi/6.3.1/thumb/v7e-m/crti.o
 .ARM.attributes
                0x0000001e       0x2e d:/microship studio 7/7.0/toolchain/arm/arm-gnu-toolchain/bin/../lib/gcc/arm-none-eabi/6.3.1/thumb/v7e-m/crtbegin.o
 .ARM.attributes
                0x0000004c       0x37 src/ASF/sam/drivers/spi/spi.o
 .ARM.attributes
                0x00000083       0x37 src/oled/gfx_mono_framebuffer.o
 .ARM.attributes
                0x000000ba       0x37 src/oled/gfx_mono_generic.o
 .ARM.attributes
                0x000000f1       0x37 src/oled/gfx_mono_text.o
 .ARM.attributes
                0x00000128       0x37 src/oled/gfx_mono_ug_2832hsweg04.o
 .ARM.attributes
                0x0000015f       0x37 src/oled/ssd1306.o
 .ARM.attributes
                0x00000196       0x37 src/oled/sysfont.o
 .ARM.attributes
                0x000001cd       0x37 src/ASF/common/services/delay/sam/cycle_counter.o
 .ARM.attributes
                0x00000204       0x37 src/ASF/common/services/clock/same70/sysclk.o
 .ARM.attributes
                0x0000023b       0x37 src/ASF/common/utils/interrupt/interrupt_sam_nvic.o
 .ARM.attributes
                0x00000272       0x37 src/ASF/sam/boards/same70_xplained/init.o
 .ARM.attributes
                0x000002a9       0x37 src/ASF/sam/drivers/pio/pio.o
 .ARM.attributes
                0x000002e0       0x37 src/ASF/sam/drivers/pio/pio_handler.o
 .ARM.attributes
                0x00000317       0x37 src/ASF/sam/drivers/pmc/pmc.o
 .ARM.attributes
                0x0000034e       0x37 src/ASF/sam/utils/cmsis/same70/source/templates/gcc/startup_same70.o
 .ARM.attributes
                0x00000385       0x37 src/ASF/sam/utils/cmsis/same70/source/templates/system_same70.o
 .ARM.attributes
                0x000003bc       0x37 src/main.o
 .ARM.attributes
                0x000003f3       0x1e d:/microship studio 7/7.0/toolchain/arm/arm-gnu-toolchain/bin/../lib/gcc/arm-none-eabi/6.3.1/thumb/v7e-m\libgcc.a(_arm_addsubdf3.o)
 .ARM.attributes
                0x00000411       0x1e d:/microship studio 7/7.0/toolchain/arm/arm-gnu-toolchain/bin/../lib/gcc/arm-none-eabi/6.3.1/thumb/v7e-m\libgcc.a(_arm_muldivdf3.o)
 .ARM.attributes
                0x0000042f       0x1e d:/microship studio 7/7.0/toolchain/arm/arm-gnu-toolchain/bin/../lib/gcc/arm-none-eabi/6.3.1/thumb/v7e-m\libgcc.a(_arm_cmpdf2.o)
 .ARM.attributes
                0x0000044d       0x1e d:/microship studio 7/7.0/toolchain/arm/arm-gnu-toolchain/bin/../lib/gcc/arm-none-eabi/6.3.1/thumb/v7e-m\libgcc.a(_arm_fixdfsi.o)
 .ARM.attributes
                0x0000046b       0x1e d:/microship studio 7/7.0/toolchain/arm/arm-gnu-toolchain/bin/../lib/gcc/arm-none-eabi/6.3.1/thumb/v7e-m\libgcc.a(_aeabi_uldivmod.o)
 .ARM.attributes
                0x00000489       0x2e d:/microship studio 7/7.0/toolchain/arm/arm-gnu-toolchain/bin/../lib/gcc/arm-none-eabi/6.3.1/thumb/v7e-m\libgcc.a(_fixunsdfdi.o)
 .ARM.attributes
                0x000004b7       0x2e d:/microship studio 7/7.0/toolchain/arm/arm-gnu-toolchain/bin/../lib/gcc/arm-none-eabi/6.3.1/thumb/v7e-m\libgcc.a(_udivmoddi4.o)
 .ARM.attributes
                0x000004e5       0x1e d:/microship studio 7/7.0/toolchain/arm/arm-gnu-toolchain/bin/../lib/gcc/arm-none-eabi/6.3.1/thumb/v7e-m\libgcc.a(_dvmd_tls.o)
 .ARM.attributes
                0x00000503       0x1e d:/microship studio 7/7.0/toolchain/arm/arm-gnu-toolchain/bin/../lib/gcc/arm-none-eabi/6.3.1/thumb/v7e-m\libgcc.a(_arm_fixunsdfsi.o)
 .ARM.attributes
                0x00000521       0x2e d:/microship studio 7/7.0/toolchain/arm/arm-gnu-toolchain/bin/../lib/gcc/arm-none-eabi/6.3.1/../../../../arm-none-eabi/lib/thumb/v7e-m\libc.a(lib_a-impure.o)
 .ARM.attributes
                0x0000054f       0x2e d:/microship studio 7/7.0/toolchain/arm/arm-gnu-toolchain/bin/../lib/gcc/arm-none-eabi/6.3.1/../../../../arm-none-eabi/lib/thumb/v7e-m\libc.a(lib_a-init.o)
 .ARM.attributes
                0x0000057d       0x1c d:/microship studio 7/7.0/toolchain/arm/arm-gnu-toolchain/bin/../lib/gcc/arm-none-eabi/6.3.1/../../../../arm-none-eabi/lib/thumb/v7e-m\libc.a(lib_a-memcpy.o)
 .ARM.attributes
                0x00000599       0x2e d:/microship studio 7/7.0/toolchain/arm/arm-gnu-toolchain/bin/../lib/gcc/arm-none-eabi/6.3.1/../../../../arm-none-eabi/lib/thumb/v7e-m\libc.a(lib_a-strcpy.o)
 .ARM.attributes
                0x000005c7       0x2e d:/microship studio 7/7.0/toolchain/arm/arm-gnu-toolchain/bin/../lib/gcc/arm-none-eabi/6.3.1/../../../../arm-none-eabi/lib/thumb/v7e-m\libc.a(lib_a-__call_atexit.o)
 .ARM.attributes
                0x000005f5       0x2e d:/microship studio 7/7.0/toolchain/arm/arm-gnu-toolchain/bin/../lib/gcc/arm-none-eabi/6.3.1/../../../../arm-none-eabi/lib/thumb/v7e-m\libc.a(lib_a-atexit.o)
 .ARM.attributes
                0x00000623       0x2e d:/microship studio 7/7.0/toolchain/arm/arm-gnu-toolchain/bin/../lib/gcc/arm-none-eabi/6.3.1/../../../../arm-none-eabi/lib/thumb/v7e-m\libc.a(lib_a-fini.o)
 .ARM.attributes
                0x00000651       0x2e d:/microship studio 7/7.0/toolchain/arm/arm-gnu-toolchain/bin/../lib/gcc/arm-none-eabi/6.3.1/../../../../arm-none-eabi/lib/thumb/v7e-m\libc.a(lib_a-lock.o)
 .ARM.attributes
                0x0000067f       0x2e d:/microship studio 7/7.0/toolchain/arm/arm-gnu-toolchain/bin/../lib/gcc/arm-none-eabi/6.3.1/../../../../arm-none-eabi/lib/thumb/v7e-m\libc.a(lib_a-__atexit.o)
 .ARM.attributes
                0x000006ad       0x1e d:/microship studio 7/7.0/toolchain/arm/arm-gnu-toolchain/bin/../lib/gcc/arm-none-eabi/6.3.1/thumb/v7e-m/crtn.o

.comment        0x00000000       0x59
 .comment       0x00000000       0x59 src/ASF/sam/drivers/spi/spi.o
                                 0x5a (size before relaxing)
 .comment       0x00000059       0x5a src/oled/gfx_mono_framebuffer.o
 .comment       0x00000059       0x5a src/oled/gfx_mono_generic.o
 .comment       0x00000059       0x5a src/oled/gfx_mono_text.o
 .comment       0x00000059       0x5a src/oled/gfx_mono_ug_2832hsweg04.o
 .comment       0x00000059       0x5a src/oled/ssd1306.o
 .comment       0x00000059       0x5a src/oled/sysfont.o
 .comment       0x00000059       0x5a src/ASF/common/services/delay/sam/cycle_counter.o
 .comment       0x00000059       0x5a src/ASF/common/services/clock/same70/sysclk.o
 .comment       0x00000059       0x5a src/ASF/common/utils/interrupt/interrupt_sam_nvic.o
 .comment       0x00000059       0x5a src/ASF/sam/boards/same70_xplained/init.o
 .comment       0x00000059       0x5a src/ASF/sam/drivers/pio/pio.o
 .comment       0x00000059       0x5a src/ASF/sam/drivers/pio/pio_handler.o
 .comment       0x00000059       0x5a src/ASF/sam/drivers/pmc/pmc.o
 .comment       0x00000059       0x5a src/ASF/sam/utils/cmsis/same70/source/templates/gcc/startup_same70.o
 .comment       0x00000059       0x5a src/ASF/sam/utils/cmsis/same70/source/templates/system_same70.o
 .comment       0x00000059       0x5a src/main.o

.debug_info     0x00000000    0x14973
 .debug_info    0x00000000     0x10ff src/ASF/sam/drivers/spi/spi.o
 .debug_info    0x000010ff      0xd75 src/oled/gfx_mono_framebuffer.o
 .debug_info    0x00001e74     0x114a src/oled/gfx_mono_generic.o
 .debug_info    0x00002fbe      0xeb8 src/oled/gfx_mono_text.o
 .debug_info    0x00003e76      0xf32 src/oled/gfx_mono_ug_2832hsweg04.o
 .debug_info    0x00004da8     0x1c29 src/oled/ssd1306.o
 .debug_info    0x000069d1      0xb06 src/oled/sysfont.o
 .debug_info    0x000074d7      0xa45 src/ASF/common/services/delay/sam/cycle_counter.o
 .debug_info    0x00007f1c     0x12d4 src/ASF/common/services/clock/same70/sysclk.o
 .debug_info    0x000091f0      0xb06 src/ASF/common/utils/interrupt/interrupt_sam_nvic.o
 .debug_info    0x00009cf6     0x1c75 src/ASF/sam/boards/same70_xplained/init.o
 .debug_info    0x0000b96b     0x1cbf src/ASF/sam/drivers/pio/pio.o
 .debug_info    0x0000d62a     0x1a18 src/ASF/sam/drivers/pio/pio_handler.o
 .debug_info    0x0000f042     0x1df9 src/ASF/sam/drivers/pmc/pmc.o
 .debug_info    0x00010e3b     0x157c src/ASF/sam/utils/cmsis/same70/source/templates/gcc/startup_same70.o
 .debug_info    0x000123b7      0x55f src/ASF/sam/utils/cmsis/same70/source/templates/system_same70.o
 .debug_info    0x00012916     0x205d src/main.o

.debug_abbrev   0x00000000     0x2ba6
 .debug_abbrev  0x00000000      0x2c2 src/ASF/sam/drivers/spi/spi.o
 .debug_abbrev  0x000002c2      0x217 src/oled/gfx_mono_framebuffer.o
 .debug_abbrev  0x000004d9      0x26b src/oled/gfx_mono_generic.o
 .debug_abbrev  0x00000744      0x281 src/oled/gfx_mono_text.o
 .debug_abbrev  0x000009c5      0x2b6 src/oled/gfx_mono_ug_2832hsweg04.o
 .debug_abbrev  0x00000c7b      0x3de src/oled/ssd1306.o
 .debug_abbrev  0x00001059      0x1b6 src/oled/sysfont.o
 .debug_abbrev  0x0000120f      0x1b3 src/ASF/common/services/delay/sam/cycle_counter.o
 .debug_abbrev  0x000013c2      0x296 src/ASF/common/services/clock/same70/sysclk.o
 .debug_abbrev  0x00001658      0x214 src/ASF/common/utils/interrupt/interrupt_sam_nvic.o
 .debug_abbrev  0x0000186c      0x3eb src/ASF/sam/boards/same70_xplained/init.o
 .debug_abbrev  0x00001c57      0x296 src/ASF/sam/drivers/pio/pio.o
 .debug_abbrev  0x00001eed      0x2c9 src/ASF/sam/drivers/pio/pio_handler.o
 .debug_abbrev  0x000021b6      0x2c5 src/ASF/sam/drivers/pmc/pmc.o
 .debug_abbrev  0x0000247b      0x2e8 src/ASF/sam/utils/cmsis/same70/source/templates/gcc/startup_same70.o
 .debug_abbrev  0x00002763      0x102 src/ASF/sam/utils/cmsis/same70/source/templates/system_same70.o
 .debug_abbrev  0x00002865      0x341 src/main.o

.debug_loc      0x00000000     0x527c
 .debug_loc     0x00000000      0x630 src/ASF/sam/drivers/spi/spi.o
 .debug_loc     0x00000630      0x2bc src/oled/gfx_mono_framebuffer.o
 .debug_loc     0x000008ec      0x280 src/oled/gfx_mono_generic.o
 .debug_loc     0x00000b6c      0x1f8 src/oled/gfx_mono_text.o
 .debug_loc     0x00000d64      0x3c0 src/oled/gfx_mono_ug_2832hsweg04.o
 .debug_loc     0x00001124      0x6e8 src/oled/ssd1306.o
 .debug_loc     0x0000180c      0x4a0 src/ASF/common/services/clock/same70/sysclk.o
 .debug_loc     0x00001cac       0xa0 src/ASF/common/utils/interrupt/interrupt_sam_nvic.o
 .debug_loc     0x00001d4c      0x2fc src/ASF/sam/boards/same70_xplained/init.o
 .debug_loc     0x00002048     0x1174 src/ASF/sam/drivers/pio/pio.o
 .debug_loc     0x000031bc      0x38c src/ASF/sam/drivers/pio/pio_handler.o
 .debug_loc     0x00003548     0x172c src/ASF/sam/drivers/pmc/pmc.o
 .debug_loc     0x00004c74      0x16c src/ASF/sam/utils/cmsis/same70/source/templates/gcc/startup_same70.o
 .debug_loc     0x00004de0       0xe4 src/ASF/sam/utils/cmsis/same70/source/templates/system_same70.o
 .debug_loc     0x00004ec4      0x3b8 src/main.o

.debug_aranges  0x00000000      0x9a8
 .debug_aranges
                0x00000000       0xa8 src/ASF/sam/drivers/spi/spi.o
 .debug_aranges
                0x000000a8       0x58 src/oled/gfx_mono_framebuffer.o
 .debug_aranges
                0x00000100       0x58 src/oled/gfx_mono_generic.o
 .debug_aranges
                0x00000158       0x48 src/oled/gfx_mono_text.o
 .debug_aranges
                0x000001a0       0x78 src/oled/gfx_mono_ug_2832hsweg04.o
 .debug_aranges
                0x00000218       0xd0 src/oled/ssd1306.o
 .debug_aranges
                0x000002e8       0x18 src/oled/sysfont.o
 .debug_aranges
                0x00000300       0x20 src/ASF/common/services/delay/sam/cycle_counter.o
 .debug_aranges
                0x00000320       0x98 src/ASF/common/services/clock/same70/sysclk.o
 .debug_aranges
                0x000003b8       0x28 src/ASF/common/utils/interrupt/interrupt_sam_nvic.o
 .debug_aranges
                0x000003e0       0x68 src/ASF/sam/boards/same70_xplained/init.o
 .debug_aranges
                0x00000448      0x1a8 src/ASF/sam/drivers/pio/pio.o
 .debug_aranges
                0x000005f0       0x80 src/ASF/sam/drivers/pio/pio_handler.o
 .debug_aranges
                0x00000670      0x250 src/ASF/sam/drivers/pmc/pmc.o
 .debug_aranges
                0x000008c0       0x40 src/ASF/sam/utils/cmsis/same70/source/templates/gcc/startup_same70.o
 .debug_aranges
                0x00000900       0x30 src/ASF/sam/utils/cmsis/same70/source/templates/system_same70.o
 .debug_aranges
                0x00000930       0x78 src/main.o

.debug_ranges   0x00000000      0x950
 .debug_ranges  0x00000000       0x98 src/ASF/sam/drivers/spi/spi.o
 .debug_ranges  0x00000098       0x48 src/oled/gfx_mono_framebuffer.o
 .debug_ranges  0x000000e0       0x48 src/oled/gfx_mono_generic.o
 .debug_ranges  0x00000128       0x38 src/oled/gfx_mono_text.o
 .debug_ranges  0x00000160       0x68 src/oled/gfx_mono_ug_2832hsweg04.o
 .debug_ranges  0x000001c8      0x108 src/oled/ssd1306.o
 .debug_ranges  0x000002d0       0x10 src/ASF/common/services/delay/sam/cycle_counter.o
 .debug_ranges  0x000002e0       0x88 src/ASF/common/services/clock/same70/sysclk.o
 .debug_ranges  0x00000368       0x18 src/ASF/common/utils/interrupt/interrupt_sam_nvic.o
 .debug_ranges  0x00000380       0xd0 src/ASF/sam/boards/same70_xplained/init.o
 .debug_ranges  0x00000450      0x198 src/ASF/sam/drivers/pio/pio.o
 .debug_ranges  0x000005e8       0x70 src/ASF/sam/drivers/pio/pio_handler.o
 .debug_ranges  0x00000658      0x240 src/ASF/sam/drivers/pmc/pmc.o
 .debug_ranges  0x00000898       0x30 src/ASF/sam/utils/cmsis/same70/source/templates/gcc/startup_same70.o
 .debug_ranges  0x000008c8       0x20 src/ASF/sam/utils/cmsis/same70/source/templates/system_same70.o
 .debug_ranges  0x000008e8       0x68 src/main.o

.debug_macro    0x00000000    0x20718
 .debug_macro   0x00000000      0x6d9 src/ASF/sam/drivers/spi/spi.o
 .debug_macro   0x000006d9      0x8ce src/ASF/sam/drivers/spi/spi.o
 .debug_macro   0x00000fa7      0x16d src/ASF/sam/drivers/spi/spi.o
 .debug_macro   0x00001114      0x64b src/ASF/sam/drivers/spi/spi.o
 .debug_macro   0x0000175f       0x76 src/ASF/sam/drivers/spi/spi.o
 .debug_macro   0x000017d5       0x16 src/ASF/sam/drivers/spi/spi.o
 .debug_macro   0x000017eb      0x6e4 src/ASF/sam/drivers/spi/spi.o
 .debug_macro   0x00001ecf       0x22 src/ASF/sam/drivers/spi/spi.o
 .debug_macro   0x00001ef1       0x87 src/ASF/sam/drivers/spi/spi.o
 .debug_macro   0x00001f78       0x51 src/ASF/sam/drivers/spi/spi.o
 .debug_macro   0x00001fc9       0xef src/ASF/sam/drivers/spi/spi.o
 .debug_macro   0x000020b8       0x6a src/ASF/sam/drivers/spi/spi.o
 .debug_macro   0x00002122      0x1df src/ASF/sam/drivers/spi/spi.o
 .debug_macro   0x00002301       0x4a src/ASF/sam/drivers/spi/spi.o
 .debug_macro   0x0000234b       0x3b src/ASF/sam/drivers/spi/spi.o
 .debug_macro   0x00002386       0x2d src/ASF/sam/drivers/spi/spi.o
 .debug_macro   0x000023b3       0x26 src/ASF/sam/drivers/spi/spi.o
 .debug_macro   0x000023d9      0xf9a src/ASF/sam/drivers/spi/spi.o
 .debug_macro   0x00003373      0x175 src/ASF/sam/drivers/spi/spi.o
 .debug_macro   0x000034e8      0x257 src/ASF/sam/drivers/spi/spi.o
 .debug_macro   0x0000373f      0xa0f src/ASF/sam/drivers/spi/spi.o
 .debug_macro   0x0000414e      0x1b9 src/ASF/sam/drivers/spi/spi.o
 .debug_macro   0x00004307      0x336 src/ASF/sam/drivers/spi/spi.o
 .debug_macro   0x0000463d      0x15b src/ASF/sam/drivers/spi/spi.o
 .debug_macro   0x00004798     0x1851 src/ASF/sam/drivers/spi/spi.o
 .debug_macro   0x00005fe9       0x1c src/ASF/sam/drivers/spi/spi.o
 .debug_macro   0x00006005      0x68d src/ASF/sam/drivers/spi/spi.o
 .debug_macro   0x00006692      0x31e src/ASF/sam/drivers/spi/spi.o
 .debug_macro   0x000069b0      0x4d4 src/ASF/sam/drivers/spi/spi.o
 .debug_macro   0x00006e84      0x56e src/ASF/sam/drivers/spi/spi.o
 .debug_macro   0x000073f2     0x1332 src/ASF/sam/drivers/spi/spi.o
 .debug_macro   0x00008724     0x278d src/ASF/sam/drivers/spi/spi.o
 .debug_macro   0x0000aeb1     0x102b src/ASF/sam/drivers/spi/spi.o
 .debug_macro   0x0000bedc      0xe01 src/ASF/sam/drivers/spi/spi.o
 .debug_macro   0x0000ccdd      0x3b1 src/ASF/sam/drivers/spi/spi.o
 .debug_macro   0x0000d08e       0xa0 src/ASF/sam/drivers/spi/spi.o
 .debug_macro   0x0000d12e       0x76 src/ASF/sam/drivers/spi/spi.o
 .debug_macro   0x0000d1a4      0x409 src/ASF/sam/drivers/spi/spi.o
 .debug_macro   0x0000d5ad       0x64 src/ASF/sam/drivers/spi/spi.o
 .debug_macro   0x0000d611      0x284 src/ASF/sam/drivers/spi/spi.o
 .debug_macro   0x0000d895      0x1d0 src/ASF/sam/drivers/spi/spi.o
 .debug_macro   0x0000da65      0x248 src/ASF/sam/drivers/spi/spi.o
 .debug_macro   0x0000dcad      0x524 src/ASF/sam/drivers/spi/spi.o
 .debug_macro   0x0000e1d1      0x63b src/ASF/sam/drivers/spi/spi.o
 .debug_macro   0x0000e80c      0x6b8 src/ASF/sam/drivers/spi/spi.o
 .debug_macro   0x0000eec4       0x4c src/ASF/sam/drivers/spi/spi.o
 .debug_macro   0x0000ef10      0x468 src/ASF/sam/drivers/spi/spi.o
 .debug_macro   0x0000f378      0x207 src/ASF/sam/drivers/spi/spi.o
 .debug_macro   0x0000f57f      0x866 src/ASF/sam/drivers/spi/spi.o
 .debug_macro   0x0000fde5     0x1547 src/ASF/sam/drivers/spi/spi.o
 .debug_macro   0x0001132c       0x40 src/ASF/sam/drivers/spi/spi.o
 .debug_macro   0x0001136c       0x76 src/ASF/sam/drivers/spi/spi.o
 .debug_macro   0x000113e2      0xdaf src/ASF/sam/drivers/spi/spi.o
 .debug_macro   0x00012191       0x82 src/ASF/sam/drivers/spi/spi.o
 .debug_macro   0x00012213       0x76 src/ASF/sam/drivers/spi/spi.o
 .debug_macro   0x00012289       0x4c src/ASF/sam/drivers/spi/spi.o
 .debug_macro   0x000122d5      0x135 src/ASF/sam/drivers/spi/spi.o
 .debug_macro   0x0001240a      0x135 src/ASF/sam/drivers/spi/spi.o
 .debug_macro   0x0001253f      0x135 src/ASF/sam/drivers/spi/spi.o
 .debug_macro   0x00012674       0x6a src/ASF/sam/drivers/spi/spi.o
 .debug_macro   0x000126de       0x6a src/ASF/sam/drivers/spi/spi.o
 .debug_macro   0x00012748      0x313 src/ASF/sam/drivers/spi/spi.o
 .debug_macro   0x00012a5b       0xb2 src/ASF/sam/drivers/spi/spi.o
 .debug_macro   0x00012b0d       0xb2 src/ASF/sam/drivers/spi/spi.o
 .debug_macro   0x00012bbf       0xb2 src/ASF/sam/drivers/spi/spi.o
 .debug_macro   0x00012c71      0x11d src/ASF/sam/drivers/spi/spi.o
 .debug_macro   0x00012d8e      0x11d src/ASF/sam/drivers/spi/spi.o
 .debug_macro   0x00012eab      0x2cd src/ASF/sam/drivers/spi/spi.o
 .debug_macro   0x00013178       0xb8 src/ASF/sam/drivers/spi/spi.o
 .debug_macro   0x00013230       0x5e src/ASF/sam/drivers/spi/spi.o
 .debug_macro   0x0001328e       0x40 src/ASF/sam/drivers/spi/spi.o
 .debug_macro   0x000132ce       0x4c src/ASF/sam/drivers/spi/spi.o
 .debug_macro   0x0001331a       0xa0 src/ASF/sam/drivers/spi/spi.o
 .debug_macro   0x000133ba      0x494 src/ASF/sam/drivers/spi/spi.o
 .debug_macro   0x0001384e      0x135 src/ASF/sam/drivers/spi/spi.o
 .debug_macro   0x00013983       0x4c src/ASF/sam/drivers/spi/spi.o
 .debug_macro   0x000139cf      0x313 src/ASF/sam/drivers/spi/spi.o
 .debug_macro   0x00013ce2       0x6a src/ASF/sam/drivers/spi/spi.o
 .debug_macro   0x00013d4c       0xb8 src/ASF/sam/drivers/spi/spi.o
 .debug_macro   0x00013e04       0x6a src/ASF/sam/drivers/spi/spi.o
 .debug_macro   0x00013e6e       0x2e src/ASF/sam/drivers/spi/spi.o
 .debug_macro   0x00013e9c      0x9b1 src/ASF/sam/drivers/spi/spi.o
 .debug_macro   0x0001484d       0x6a src/ASF/sam/drivers/spi/spi.o
 .debug_macro   0x000148b7       0x88 src/ASF/sam/drivers/spi/spi.o
 .debug_macro   0x0001493f       0x58 src/ASF/sam/drivers/spi/spi.o
 .debug_macro   0x00014997       0xe2 src/ASF/sam/drivers/spi/spi.o
 .debug_macro   0x00014a79       0x16 src/ASF/sam/drivers/spi/spi.o
 .debug_macro   0x00014a8f       0xe2 src/ASF/sam/drivers/spi/spi.o
 .debug_macro   0x00014b71       0x4c src/ASF/sam/drivers/spi/spi.o
 .debug_macro   0x00014bbd       0x16 src/ASF/sam/drivers/spi/spi.o
 .debug_macro   0x00014bd3       0x4c src/ASF/sam/drivers/spi/spi.o
 .debug_macro   0x00014c1f       0x2e src/ASF/sam/drivers/spi/spi.o
 .debug_macro   0x00014c4d      0x1b5 src/ASF/sam/drivers/spi/spi.o
 .debug_macro   0x00014e02      0x1b5 src/ASF/sam/drivers/spi/spi.o
 .debug_macro   0x00014fb7      0x1b5 src/ASF/sam/drivers/spi/spi.o
 .debug_macro   0x0001516c      0x1b5 src/ASF/sam/drivers/spi/spi.o
 .debug_macro   0x00015321      0x1b5 src/ASF/sam/drivers/spi/spi.o
 .debug_macro   0x000154d6       0x1c src/ASF/sam/drivers/spi/spi.o
 .debug_macro   0x000154f2       0x2e src/ASF/sam/drivers/spi/spi.o
 .debug_macro   0x00015520       0x22 src/ASF/sam/drivers/spi/spi.o
 .debug_macro   0x00015542       0x1c src/ASF/sam/drivers/spi/spi.o
 .debug_macro   0x0001555e       0x52 src/ASF/sam/drivers/spi/spi.o
 .debug_macro   0x000155b0       0x10 src/ASF/sam/drivers/spi/spi.o
 .debug_macro   0x000155c0       0x1c src/ASF/sam/drivers/spi/spi.o
 .debug_macro   0x000155dc       0x4c src/ASF/sam/drivers/spi/spi.o
 .debug_macro   0x00015628       0x4c src/ASF/sam/drivers/spi/spi.o
 .debug_macro   0x00015674       0x4c src/ASF/sam/drivers/spi/spi.o
 .debug_macro   0x000156c0      0x31b src/ASF/sam/drivers/spi/spi.o
 .debug_macro   0x000159db     0x1022 src/ASF/sam/drivers/spi/spi.o
 .debug_macro   0x000169fd      0x107 src/ASF/sam/drivers/spi/spi.o
 .debug_macro   0x00016b04       0x58 src/ASF/sam/drivers/spi/spi.o
 .debug_macro   0x00016b5c       0x35 src/ASF/sam/drivers/spi/spi.o
 .debug_macro   0x00016b91       0x9c src/ASF/sam/drivers/spi/spi.o
 .debug_macro   0x00016c2d       0x16 src/ASF/sam/drivers/spi/spi.o
 .debug_macro   0x00016c43       0x35 src/ASF/sam/drivers/spi/spi.o
 .debug_macro   0x00016c78      0x353 src/ASF/sam/drivers/spi/spi.o
 .debug_macro   0x00016fcb       0x10 src/ASF/sam/drivers/spi/spi.o
 .debug_macro   0x00016fdb       0x58 src/ASF/sam/drivers/spi/spi.o
 .debug_macro   0x00017033       0x1f src/ASF/sam/drivers/spi/spi.o
 .debug_macro   0x00017052       0x43 src/ASF/sam/drivers/spi/spi.o
 .debug_macro   0x00017095       0x20 src/ASF/sam/drivers/spi/spi.o
 .debug_macro   0x000170b5      0x187 src/ASF/sam/drivers/spi/spi.o
 .debug_macro   0x0001723c       0x10 src/ASF/sam/drivers/spi/spi.o
 .debug_macro   0x0001724c       0x1c src/ASF/sam/drivers/spi/spi.o
 .debug_macro   0x00017268       0x52 src/ASF/sam/drivers/spi/spi.o
 .debug_macro   0x000172ba       0x40 src/ASF/sam/drivers/spi/spi.o
 .debug_macro   0x000172fa       0x10 src/ASF/sam/drivers/spi/spi.o
 .debug_macro   0x0001730a       0x40 src/ASF/sam/drivers/spi/spi.o
 .debug_macro   0x0001734a       0xd7 src/ASF/sam/drivers/spi/spi.o
 .debug_macro   0x00017421       0x16 src/ASF/sam/drivers/spi/spi.o
 .debug_macro   0x00017437      0x18b src/ASF/sam/drivers/spi/spi.o
 .debug_macro   0x000175c2       0x22 src/ASF/sam/drivers/spi/spi.o
 .debug_macro   0x000175e4       0x16 src/ASF/sam/drivers/spi/spi.o
 .debug_macro   0x000175fa       0x16 src/ASF/sam/drivers/spi/spi.o
 .debug_macro   0x00017610       0x29 src/ASF/sam/drivers/spi/spi.o
 .debug_macro   0x00017639       0x75 src/ASF/sam/drivers/spi/spi.o
 .debug_macro   0x000176ae       0x3f src/ASF/sam/drivers/spi/spi.o
 .debug_macro   0x000176ed      0x3ca src/ASF/sam/drivers/spi/spi.o
 .debug_macro   0x00017ab7       0x10 src/ASF/sam/drivers/spi/spi.o
 .debug_macro   0x00017ac7       0x3a src/ASF/sam/drivers/spi/spi.o
 .debug_macro   0x00017b01      0x2c6 src/ASF/sam/drivers/spi/spi.o
 .debug_macro   0x00017dc7      0xa96 src/ASF/sam/drivers/spi/spi.o
 .debug_macro   0x0001885d       0x70 src/ASF/sam/drivers/spi/spi.o
 .debug_macro   0x000188cd       0x64 src/ASF/sam/drivers/spi/spi.o
 .debug_macro   0x00018931       0x5f src/ASF/sam/drivers/spi/spi.o
 .debug_macro   0x00018990       0xac src/ASF/sam/drivers/spi/spi.o
 .debug_macro   0x00018a3c      0x7d0 src/oled/gfx_mono_framebuffer.o
 .debug_macro   0x0001920c       0x50 src/oled/gfx_mono_framebuffer.o
 .debug_macro   0x0001925c       0x22 src/oled/gfx_mono_framebuffer.o
 .debug_macro   0x0001927e       0x7b src/oled/gfx_mono_framebuffer.o
 .debug_macro   0x000192f9       0x28 src/oled/gfx_mono_framebuffer.o
 .debug_macro   0x00019321       0x23 src/oled/gfx_mono_framebuffer.o
 .debug_macro   0x00019344       0x94 src/oled/gfx_mono_framebuffer.o
 .debug_macro   0x000193d8       0x40 src/oled/gfx_mono_framebuffer.o
 .debug_macro   0x00019418       0x88 src/oled/gfx_mono_framebuffer.o
 .debug_macro   0x000194a0      0x1ce src/oled/gfx_mono_framebuffer.o
 .debug_macro   0x0001966e       0x34 src/oled/gfx_mono_framebuffer.o
 .debug_macro   0x000196a2       0x16 src/oled/gfx_mono_framebuffer.o
 .debug_macro   0x000196b8       0x1c src/oled/gfx_mono_framebuffer.o
 .debug_macro   0x000196d4       0x16 src/oled/gfx_mono_framebuffer.o
 .debug_macro   0x000196ea       0x28 src/oled/gfx_mono_framebuffer.o
 .debug_macro   0x00019712       0xd1 src/oled/gfx_mono_framebuffer.o
 .debug_macro   0x000197e3       0x8b src/oled/gfx_mono_framebuffer.o
 .debug_macro   0x0001986e      0x7d0 src/oled/gfx_mono_generic.o
 .debug_macro   0x0001a03e      0x7e9 src/oled/gfx_mono_text.o
 .debug_macro   0x0001a827      0x7d4 src/oled/gfx_mono_ug_2832hsweg04.o
 .debug_macro   0x0001affb       0x28 src/oled/gfx_mono_ug_2832hsweg04.o
 .debug_macro   0x0001b023      0x7aa src/oled/ssd1306.o
 .debug_macro   0x0001b7cd      0x69c src/oled/sysfont.o
 .debug_macro   0x0001be69       0x3a src/oled/sysfont.o
 .debug_macro   0x0001bea3      0x665 src/ASF/common/services/delay/sam/cycle_counter.o
 .debug_macro   0x0001c508       0x22 src/ASF/common/services/delay/sam/cycle_counter.o
 .debug_macro   0x0001c52a      0x6d1 src/ASF/common/services/clock/same70/sysclk.o
 .debug_macro   0x0001cbfb      0x2c0 src/ASF/common/services/clock/same70/sysclk.o
 .debug_macro   0x0001cebb      0x655 src/ASF/common/utils/interrupt/interrupt_sam_nvic.o
 .debug_macro   0x0001d510      0x70b src/ASF/sam/boards/same70_xplained/init.o
 .debug_macro   0x0001dc1b       0x82 src/ASF/sam/boards/same70_xplained/init.o
 .debug_macro   0x0001dc9d      0x66b src/ASF/sam/drivers/pio/pio.o
 .debug_macro   0x0001e308       0x8e src/ASF/sam/drivers/pio/pio.o
 .debug_macro   0x0001e396      0x676 src/ASF/sam/drivers/pio/pio_handler.o
 .debug_macro   0x0001ea0c      0x66b src/ASF/sam/drivers/pmc/pmc.o
 .debug_macro   0x0001f077       0x6a src/ASF/sam/drivers/pmc/pmc.o
 .debug_macro   0x0001f0e1      0x664 src/ASF/sam/utils/cmsis/same70/source/templates/gcc/startup_same70.o
 .debug_macro   0x0001f745       0x10 src/ASF/sam/utils/cmsis/same70/source/templates/gcc/startup_same70.o
 .debug_macro   0x0001f755      0x455 src/ASF/sam/utils/cmsis/same70/source/templates/system_same70.o
 .debug_macro   0x0001fbaa      0x856 src/main.o
 .debug_macro   0x00020400      0x220 src/main.o
 .debug_macro   0x00020620       0x16 src/main.o
 .debug_macro   0x00020636       0xe2 src/main.o

.debug_line     0x00000000     0xd869
 .debug_line    0x00000000      0xc65 src/ASF/sam/drivers/spi/spi.o
 .debug_line    0x00000c65      0xe16 src/oled/gfx_mono_framebuffer.o
 .debug_line    0x00001a7b      0xedb src/oled/gfx_mono_generic.o
 .debug_line    0x00002956      0xe39 src/oled/gfx_mono_text.o
 .debug_line    0x0000378f      0xec3 src/oled/gfx_mono_ug_2832hsweg04.o
 .debug_line    0x00004652      0xf82 src/oled/ssd1306.o
 .debug_line    0x000055d4      0x9e3 src/oled/sysfont.o
 .debug_line    0x00005fb7      0x9b5 src/ASF/common/services/delay/sam/cycle_counter.o
 .debug_line    0x0000696c      0xc2f src/ASF/common/services/clock/same70/sysclk.o
 .debug_line    0x0000759b      0x9d1 src/ASF/common/utils/interrupt/interrupt_sam_nvic.o
 .debug_line    0x00007f6c      0xd2b src/ASF/sam/boards/same70_xplained/init.o
 .debug_line    0x00008c97      0xddf src/ASF/sam/drivers/pio/pio.o
 .debug_line    0x00009a76      0xae0 src/ASF/sam/drivers/pio/pio_handler.o
 .debug_line    0x0000a556     0x10a4 src/ASF/sam/drivers/pmc/pmc.o
 .debug_line    0x0000b5fa      0xa88 src/ASF/sam/utils/cmsis/same70/source/templates/gcc/startup_same70.o
 .debug_line    0x0000c082      0x7e8 src/ASF/sam/utils/cmsis/same70/source/templates/system_same70.o
 .debug_line    0x0000c86a      0xfff src/main.o

.debug_str      0x00000000    0x8fe66
 .debug_str     0x00000000    0x85e55 src/ASF/sam/drivers/spi/spi.o
                              0x86512 (size before relaxing)
 .debug_str     0x00085e55     0x2ad2 src/oled/gfx_mono_framebuffer.o
                              0x88bee (size before relaxing)
 .debug_str     0x00088927      0x25c src/oled/gfx_mono_generic.o
                              0x88d32 (size before relaxing)
 .debug_str     0x00088b83      0x266 src/oled/gfx_mono_text.o
                              0x88d0d (size before relaxing)
 .debug_str     0x00088de9      0x11c src/oled/gfx_mono_ug_2832hsweg04.o
                              0x88cce (size before relaxing)
 .debug_str     0x00088f05      0x612 src/oled/ssd1306.o
                              0x88906 (size before relaxing)
 .debug_str     0x00089517     0x3ee1 src/oled/sysfont.o
                              0x86144 (size before relaxing)
 .debug_str     0x0008d3f8       0x35 src/ASF/common/services/delay/sam/cycle_counter.o
                              0x82078 (size before relaxing)
 .debug_str     0x0008d42d      0x454 src/ASF/common/services/clock/same70/sysclk.o
                              0x865f9 (size before relaxing)
 .debug_str     0x0008d881       0x94 src/ASF/common/utils/interrupt/interrupt_sam_nvic.o
                              0x81f48 (size before relaxing)
 .debug_str     0x0008d915      0x4f4 src/ASF/sam/boards/same70_xplained/init.o
                              0x87086 (size before relaxing)
 .debug_str     0x0008de09      0x57b src/ASF/sam/drivers/pio/pio.o
                              0x82a9e (size before relaxing)
 .debug_str     0x0008e384      0x437 src/ASF/sam/drivers/pio/pio_handler.o
                              0x82bc0 (size before relaxing)
 .debug_str     0x0008e7bb      0x636 src/ASF/sam/drivers/pmc/pmc.o
                              0x82c02 (size before relaxing)
 .debug_str     0x0008edf1      0x64c src/ASF/sam/utils/cmsis/same70/source/templates/gcc/startup_same70.o
                              0x82715 (size before relaxing)
 .debug_str     0x0008f43d      0x137 src/ASF/sam/utils/cmsis/same70/source/templates/system_same70.o
                              0x72821 (size before relaxing)
 .debug_str     0x0008f574      0x8f2 src/main.o
                              0x8dbb7 (size before relaxing)

.debug_frame    0x00000000     0x2b60
 .debug_frame   0x00000000      0x2c8 src/ASF/sam/drivers/spi/spi.o
 .debug_frame   0x000002c8      0x148 src/oled/gfx_mono_framebuffer.o
 .debug_frame   0x00000410      0x150 src/oled/gfx_mono_generic.o
 .debug_frame   0x00000560       0xfc src/oled/gfx_mono_text.o
 .debug_frame   0x0000065c      0x1dc src/oled/gfx_mono_ug_2832hsweg04.o
 .debug_frame   0x00000838      0x360 src/oled/ssd1306.o
 .debug_frame   0x00000b98       0x20 src/ASF/common/services/delay/sam/cycle_counter.o
 .debug_frame   0x00000bb8      0x240 src/ASF/common/services/clock/same70/sysclk.o
 .debug_frame   0x00000df8       0x58 src/ASF/common/utils/interrupt/interrupt_sam_nvic.o
 .debug_frame   0x00000e50      0x174 src/ASF/sam/boards/same70_xplained/init.o
 .debug_frame   0x00000fc4      0x7c0 src/ASF/sam/drivers/pio/pio.o
 .debug_frame   0x00001784      0x1d0 src/ASF/sam/drivers/pio/pio_handler.o
 .debug_frame   0x00001954      0xa60 src/ASF/sam/drivers/pmc/pmc.o
 .debug_frame   0x000023b4       0xbc src/ASF/sam/utils/cmsis/same70/source/templates/gcc/startup_same70.o
 .debug_frame   0x00002470       0x78 src/ASF/sam/utils/cmsis/same70/source/templates/system_same70.o
 .debug_frame   0x000024e8      0x204 src/main.o
 .debug_frame   0x000026ec       0xac d:/microship studio 7/7.0/toolchain/arm/arm-gnu-toolchain/bin/../lib/gcc/arm-none-eabi/6.3.1/thumb/v7e-m\libgcc.a(_arm_addsubdf3.o)
 .debug_frame   0x00002798       0x50 d:/microship studio 7/7.0/toolchain/arm/arm-gnu-toolchain/bin/../lib/gcc/arm-none-eabi/6.3.1/thumb/v7e-m\libgcc.a(_arm_muldivdf3.o)
 .debug_frame   0x000027e8       0xc4 d:/microship studio 7/7.0/toolchain/arm/arm-gnu-toolchain/bin/../lib/gcc/arm-none-eabi/6.3.1/thumb/v7e-m\libgcc.a(_arm_cmpdf2.o)
 .debug_frame   0x000028ac       0x24 d:/microship studio 7/7.0/toolchain/arm/arm-gnu-toolchain/bin/../lib/gcc/arm-none-eabi/6.3.1/thumb/v7e-m\libgcc.a(_arm_fixdfsi.o)
 .debug_frame   0x000028d0       0x2c d:/microship studio 7/7.0/toolchain/arm/arm-gnu-toolchain/bin/../lib/gcc/arm-none-eabi/6.3.1/thumb/v7e-m\libgcc.a(_aeabi_uldivmod.o)
 .debug_frame   0x000028fc       0x2c d:/microship studio 7/7.0/toolchain/arm/arm-gnu-toolchain/bin/../lib/gcc/arm-none-eabi/6.3.1/thumb/v7e-m\libgcc.a(_fixunsdfdi.o)
 .debug_frame   0x00002928       0x34 d:/microship studio 7/7.0/toolchain/arm/arm-gnu-toolchain/bin/../lib/gcc/arm-none-eabi/6.3.1/thumb/v7e-m\libgcc.a(_udivmoddi4.o)
 .debug_frame   0x0000295c       0x24 d:/microship studio 7/7.0/toolchain/arm/arm-gnu-toolchain/bin/../lib/gcc/arm-none-eabi/6.3.1/thumb/v7e-m\libgcc.a(_arm_fixunsdfsi.o)
 .debug_frame   0x00002980       0x2c d:/microship studio 7/7.0/toolchain/arm/arm-gnu-toolchain/bin/../lib/gcc/arm-none-eabi/6.3.1/../../../../arm-none-eabi/lib/thumb/v7e-m\libc.a(lib_a-init.o)
 .debug_frame   0x000029ac       0x20 d:/microship studio 7/7.0/toolchain/arm/arm-gnu-toolchain/bin/../lib/gcc/arm-none-eabi/6.3.1/../../../../arm-none-eabi/lib/thumb/v7e-m\libc.a(lib_a-strcpy.o)
 .debug_frame   0x000029cc       0x5c d:/microship studio 7/7.0/toolchain/arm/arm-gnu-toolchain/bin/../lib/gcc/arm-none-eabi/6.3.1/../../../../arm-none-eabi/lib/thumb/v7e-m\libc.a(lib_a-__call_atexit.o)
 .debug_frame   0x00002a28       0x20 d:/microship studio 7/7.0/toolchain/arm/arm-gnu-toolchain/bin/../lib/gcc/arm-none-eabi/6.3.1/../../../../arm-none-eabi/lib/thumb/v7e-m\libc.a(lib_a-atexit.o)
 .debug_frame   0x00002a48       0x34 d:/microship studio 7/7.0/toolchain/arm/arm-gnu-toolchain/bin/../lib/gcc/arm-none-eabi/6.3.1/../../../../arm-none-eabi/lib/thumb/v7e-m\libc.a(lib_a-fini.o)
 .debug_frame   0x00002a7c       0xb0 d:/microship studio 7/7.0/toolchain/arm/arm-gnu-toolchain/bin/../lib/gcc/arm-none-eabi/6.3.1/../../../../arm-none-eabi/lib/thumb/v7e-m\libc.a(lib_a-lock.o)
 .debug_frame   0x00002b2c       0x34 d:/microship studio 7/7.0/toolchain/arm/arm-gnu-toolchain/bin/../lib/gcc/arm-none-eabi/6.3.1/../../../../arm-none-eabi/lib/thumb/v7e-m\libc.a(lib_a-__atexit.o)

Cross Reference Table

Symbol                                            File
ACC_Handler                                       src/ASF/sam/utils/cmsis/same70/source/templates/gcc/startup_same70.o
AES_Handler                                       src/ASF/sam/utils/cmsis/same70/source/templates/gcc/startup_same70.o
AFEC0_Handler                                     src/ASF/sam/utils/cmsis/same70/source/templates/gcc/startup_same70.o
AFEC1_Handler                                     src/ASF/sam/utils/cmsis/same70/source/templates/gcc/startup_same70.o
BusFault_Handler                                  src/ASF/sam/utils/cmsis/same70/source/templates/gcc/startup_same70.o
DACC_Handler                                      src/ASF/sam/utils/cmsis/same70/source/templates/gcc/startup_same70.o
DebugMon_Handler                                  src/ASF/sam/utils/cmsis/same70/source/templates/gcc/startup_same70.o
Dummy_Handler                                     src/ASF/sam/utils/cmsis/same70/source/templates/gcc/startup_same70.o
EFC_Handler                                       src/ASF/sam/utils/cmsis/same70/source/templates/gcc/startup_same70.o
GMAC_Handler                                      src/ASF/sam/utils/cmsis/same70/source/templates/gcc/startup_same70.o
HSMCI_Handler                                     src/ASF/sam/utils/cmsis/same70/source/templates/gcc/startup_same70.o
HardFault_Handler                                 src/ASF/sam/utils/cmsis/same70/source/templates/gcc/startup_same70.o
ICM_Handler                                       src/ASF/sam/utils/cmsis/same70/source/templates/gcc/startup_same70.o
ISI_Handler                                       src/ASF/sam/utils/cmsis/same70/source/templates/gcc/startup_same70.o
MCAN0_Handler                                     src/ASF/sam/utils/cmsis/same70/source/templates/gcc/startup_same70.o
MCAN1_Handler                                     src/ASF/sam/utils/cmsis/same70/source/templates/gcc/startup_same70.o
MemManage_Handler                                 src/ASF/sam/utils/cmsis/same70/source/templates/gcc/startup_same70.o
NMI_Handler                                       src/ASF/sam/utils/cmsis/same70/source/templates/gcc/startup_same70.o
PIOA_Handler                                      src/ASF/sam/drivers/pio/pio_handler.o
PIOB_Handler                                      src/ASF/sam/drivers/pio/pio_handler.o
PIOC_Handler                                      src/ASF/sam/drivers/pio/pio_handler.o
PIOD_Handler                                      src/ASF/sam/drivers/pio/pio_handler.o
PIOE_Handler                                      src/ASF/sam/drivers/pio/pio_handler.o
PMC_Handler                                       src/ASF/sam/utils/cmsis/same70/source/templates/gcc/startup_same70.o
PWM0_Handler                                      src/ASF/sam/utils/cmsis/same70/source/templates/gcc/startup_same70.o
PWM1_Handler                                      src/ASF/sam/utils/cmsis/same70/source/templates/gcc/startup_same70.o
PendSV_Handler                                    src/ASF/sam/utils/cmsis/same70/source/templates/gcc/startup_same70.o
QSPI_Handler                                      src/ASF/sam/utils/cmsis/same70/source/templates/gcc/startup_same70.o
RSTC_Handler                                      src/ASF/sam/utils/cmsis/same70/source/templates/gcc/startup_same70.o
RSWDT_Handler                                     src/ASF/sam/utils/cmsis/same70/source/templates/gcc/startup_same70.o
RTC_Handler                                       src/ASF/sam/utils/cmsis/same70/source/templates/gcc/startup_same70.o
RTT_Handler                                       src/ASF/sam/utils/cmsis/same70/source/templates/gcc/startup_same70.o
Reset_Handler                                     src/ASF/sam/utils/cmsis/same70/source/templates/gcc/startup_same70.o
SDRAMC_Handler                                    src/ASF/sam/utils/cmsis/same70/source/templates/gcc/startup_same70.o
SPI0_Handler                                      src/ASF/sam/utils/cmsis/same70/source/templates/gcc/startup_same70.o
SPI1_Handler                                      src/ASF/sam/utils/cmsis/same70/source/templates/gcc/startup_same70.o
SSC_Handler                                       src/ASF/sam/utils/cmsis/same70/source/templates/gcc/startup_same70.o
SUPC_Handler                                      src/ASF/sam/utils/cmsis/same70/source/templates/gcc/startup_same70.o
SVC_Handler                                       src/ASF/sam/utils/cmsis/same70/source/templates/gcc/startup_same70.o
SysTick_Handler                                   src/ASF/sam/utils/cmsis/same70/source/templates/gcc/startup_same70.o
SystemCoreClock                                   src/ASF/sam/utils/cmsis/same70/source/templates/system_same70.o
SystemCoreClockUpdate                             src/ASF/sam/utils/cmsis/same70/source/templates/system_same70.o
                                                  src/ASF/common/services/clock/same70/sysclk.o
SystemInit                                        src/ASF/sam/utils/cmsis/same70/source/templates/system_same70.o
TC0_Handler                                       src/ASF/sam/utils/cmsis/same70/source/templates/gcc/startup_same70.o
TC10_Handler                                      src/ASF/sam/utils/cmsis/same70/source/templates/gcc/startup_same70.o
TC11_Handler                                      src/ASF/sam/utils/cmsis/same70/source/templates/gcc/startup_same70.o
TC1_Handler                                       src/ASF/sam/utils/cmsis/same70/source/templates/gcc/startup_same70.o
TC2_Handler                                       src/ASF/sam/utils/cmsis/same70/source/templates/gcc/startup_same70.o
TC3_Handler                                       src/ASF/sam/utils/cmsis/same70/source/templates/gcc/startup_same70.o
TC4_Handler                                       src/ASF/sam/utils/cmsis/same70/source/templates/gcc/startup_same70.o
TC5_Handler                                       src/ASF/sam/utils/cmsis/same70/source/templates/gcc/startup_same70.o
TC6_Handler                                       src/ASF/sam/utils/cmsis/same70/source/templates/gcc/startup_same70.o
TC7_Handler                                       src/ASF/sam/utils/cmsis/same70/source/templates/gcc/startup_same70.o
TC8_Handler                                       src/ASF/sam/utils/cmsis/same70/source/templates/gcc/startup_same70.o
TC9_Handler                                       src/ASF/sam/utils/cmsis/same70/source/templates/gcc/startup_same70.o
TRNG_Handler                                      src/ASF/sam/utils/cmsis/same70/source/templates/gcc/startup_same70.o
TWIHS0_Handler                                    src/ASF/sam/utils/cmsis/same70/source/templates/gcc/startup_same70.o
TWIHS1_Handler                                    src/ASF/sam/utils/cmsis/same70/source/templates/gcc/startup_same70.o
TWIHS2_Handler                                    src/ASF/sam/utils/cmsis/same70/source/templates/gcc/startup_same70.o
UART0_Handler                                     src/ASF/sam/utils/cmsis/same70/source/templates/gcc/startup_same70.o
UART1_Handler                                     src/ASF/sam/utils/cmsis/same70/source/templates/gcc/startup_same70.o
UART2_Handler                                     src/ASF/sam/utils/cmsis/same70/source/templates/gcc/startup_same70.o
UART3_Handler                                     src/ASF/sam/utils/cmsis/same70/source/templates/gcc/startup_same70.o
UART4_Handler                                     src/ASF/sam/utils/cmsis/same70/source/templates/gcc/startup_same70.o
USART0_Handler                                    src/ASF/sam/utils/cmsis/same70/source/templates/gcc/startup_same70.o
USART1_Handler                                    src/ASF/sam/utils/cmsis/same70/source/templates/gcc/startup_same70.o
USART2_Handler                                    src/ASF/sam/utils/cmsis/same70/source/templates/gcc/startup_same70.o
USBHS_Handler                                     src/ASF/sam/utils/cmsis/same70/source/templates/gcc/startup_same70.o
UsageFault_Handler                                src/ASF/sam/utils/cmsis/same70/source/templates/gcc/startup_same70.o
WDT_Handler                                       src/ASF/sam/utils/cmsis/same70/source/templates/gcc/startup_same70.o
XDMAC_Handler                                     src/ASF/sam/utils/cmsis/same70/source/templates/gcc/startup_same70.o
_Jv_RegisterClasses                               d:/microship studio 7/7.0/toolchain/arm/arm-gnu-toolchain/bin/../lib/gcc/arm-none-eabi/6.3.1/thumb/v7e-m/crtbegin.o
__adddf3                                          d:/microship studio 7/7.0/toolchain/arm/arm-gnu-toolchain/bin/../lib/gcc/arm-none-eabi/6.3.1/thumb/v7e-m\libgcc.a(_arm_addsubdf3.o)
__aeabi_cdcmpeq                                   d:/microship studio 7/7.0/toolchain/arm/arm-gnu-toolchain/bin/../lib/gcc/arm-none-eabi/6.3.1/thumb/v7e-m\libgcc.a(_arm_cmpdf2.o)
__aeabi_cdcmple                                   d:/microship studio 7/7.0/toolchain/arm/arm-gnu-toolchain/bin/../lib/gcc/arm-none-eabi/6.3.1/thumb/v7e-m\libgcc.a(_arm_cmpdf2.o)
__aeabi_cdrcmple                                  d:/microship studio 7/7.0/toolchain/arm/arm-gnu-toolchain/bin/../lib/gcc/arm-none-eabi/6.3.1/thumb/v7e-m\libgcc.a(_arm_cmpdf2.o)
__aeabi_d2iz                                      d:/microship studio 7/7.0/toolchain/arm/arm-gnu-toolchain/bin/../lib/gcc/arm-none-eabi/6.3.1/thumb/v7e-m\libgcc.a(_arm_fixdfsi.o)
                                                  src/main.o
__aeabi_d2uiz                                     d:/microship studio 7/7.0/toolchain/arm/arm-gnu-toolchain/bin/../lib/gcc/arm-none-eabi/6.3.1/thumb/v7e-m\libgcc.a(_arm_fixunsdfsi.o)
                                                  d:/microship studio 7/7.0/toolchain/arm/arm-gnu-toolchain/bin/../lib/gcc/arm-none-eabi/6.3.1/thumb/v7e-m\libgcc.a(_fixunsdfdi.o)
__aeabi_d2ulz                                     d:/microship studio 7/7.0/toolchain/arm/arm-gnu-toolchain/bin/../lib/gcc/arm-none-eabi/6.3.1/thumb/v7e-m\libgcc.a(_fixunsdfdi.o)
                                                  src/main.o
__aeabi_dadd                                      d:/microship studio 7/7.0/toolchain/arm/arm-gnu-toolchain/bin/../lib/gcc/arm-none-eabi/6.3.1/thumb/v7e-m\libgcc.a(_arm_addsubdf3.o)
__aeabi_dcmpeq                                    d:/microship studio 7/7.0/toolchain/arm/arm-gnu-toolchain/bin/../lib/gcc/arm-none-eabi/6.3.1/thumb/v7e-m\libgcc.a(_arm_cmpdf2.o)
                                                  src/main.o
__aeabi_dcmpge                                    d:/microship studio 7/7.0/toolchain/arm/arm-gnu-toolchain/bin/../lib/gcc/arm-none-eabi/6.3.1/thumb/v7e-m\libgcc.a(_arm_cmpdf2.o)
__aeabi_dcmpgt                                    d:/microship studio 7/7.0/toolchain/arm/arm-gnu-toolchain/bin/../lib/gcc/arm-none-eabi/6.3.1/thumb/v7e-m\libgcc.a(_arm_cmpdf2.o)
__aeabi_dcmple                                    d:/microship studio 7/7.0/toolchain/arm/arm-gnu-toolchain/bin/../lib/gcc/arm-none-eabi/6.3.1/thumb/v7e-m\libgcc.a(_arm_cmpdf2.o)
__aeabi_dcmplt                                    d:/microship studio 7/7.0/toolchain/arm/arm-gnu-toolchain/bin/../lib/gcc/arm-none-eabi/6.3.1/thumb/v7e-m\libgcc.a(_arm_cmpdf2.o)
__aeabi_ddiv                                      d:/microship studio 7/7.0/toolchain/arm/arm-gnu-toolchain/bin/../lib/gcc/arm-none-eabi/6.3.1/thumb/v7e-m\libgcc.a(_arm_muldivdf3.o)
__aeabi_dmul                                      d:/microship studio 7/7.0/toolchain/arm/arm-gnu-toolchain/bin/../lib/gcc/arm-none-eabi/6.3.1/thumb/v7e-m\libgcc.a(_arm_muldivdf3.o)
                                                  d:/microship studio 7/7.0/toolchain/arm/arm-gnu-toolchain/bin/../lib/gcc/arm-none-eabi/6.3.1/thumb/v7e-m\libgcc.a(_fixunsdfdi.o)
                                                  src/main.o
__aeabi_drsub                                     d:/microship studio 7/7.0/toolchain/arm/arm-gnu-toolchain/bin/../lib/gcc/arm-none-eabi/6.3.1/thumb/v7e-m\libgcc.a(_arm_addsubdf3.o)
__aeabi_dsub                                      d:/microship studio 7/7.0/toolchain/arm/arm-gnu-toolchain/bin/../lib/gcc/arm-none-eabi/6.3.1/thumb/v7e-m\libgcc.a(_arm_addsubdf3.o)
                                                  d:/microship studio 7/7.0/toolchain/arm/arm-gnu-toolchain/bin/../lib/gcc/arm-none-eabi/6.3.1/thumb/v7e-m\libgcc.a(_fixunsdfdi.o)
__aeabi_f2d                                       d:/microship studio 7/7.0/toolchain/arm/arm-gnu-toolchain/bin/../lib/gcc/arm-none-eabi/6.3.1/thumb/v7e-m\libgcc.a(_arm_addsubdf3.o)
__aeabi_i2d                                       d:/microship studio 7/7.0/toolchain/arm/arm-gnu-toolchain/bin/../lib/gcc/arm-none-eabi/6.3.1/thumb/v7e-m\libgcc.a(_arm_addsubdf3.o)
                                                  src/main.o
__aeabi_idiv0                                     d:/microship studio 7/7.0/toolchain/arm/arm-gnu-toolchain/bin/../lib/gcc/arm-none-eabi/6.3.1/thumb/v7e-m\libgcc.a(_dvmd_tls.o)
__aeabi_l2d                                       d:/microship studio 7/7.0/toolchain/arm/arm-gnu-toolchain/bin/../lib/gcc/arm-none-eabi/6.3.1/thumb/v7e-m\libgcc.a(_arm_addsubdf3.o)
__aeabi_ldiv0                                     d:/microship studio 7/7.0/toolchain/arm/arm-gnu-toolchain/bin/../lib/gcc/arm-none-eabi/6.3.1/thumb/v7e-m\libgcc.a(_dvmd_tls.o)
                                                  d:/microship studio 7/7.0/toolchain/arm/arm-gnu-toolchain/bin/../lib/gcc/arm-none-eabi/6.3.1/thumb/v7e-m\libgcc.a(_aeabi_uldivmod.o)
__aeabi_ui2d                                      d:/microship studio 7/7.0/toolchain/arm/arm-gnu-toolchain/bin/../lib/gcc/arm-none-eabi/6.3.1/thumb/v7e-m\libgcc.a(_arm_addsubdf3.o)
                                                  d:/microship studio 7/7.0/toolchain/arm/arm-gnu-toolchain/bin/../lib/gcc/arm-none-eabi/6.3.1/thumb/v7e-m\libgcc.a(_fixunsdfdi.o)
__aeabi_ul2d                                      d:/microship studio 7/7.0/toolchain/arm/arm-gnu-toolchain/bin/../lib/gcc/arm-none-eabi/6.3.1/thumb/v7e-m\libgcc.a(_arm_addsubdf3.o)
__aeabi_uldivmod                                  d:/microship studio 7/7.0/toolchain/arm/arm-gnu-toolchain/bin/../lib/gcc/arm-none-eabi/6.3.1/thumb/v7e-m\libgcc.a(_aeabi_uldivmod.o)
                                                  src/main.o
                                                  src/oled/ssd1306.o
__atexit_recursive_mutex                          d:/microship studio 7/7.0/toolchain/arm/arm-gnu-toolchain/bin/../lib/gcc/arm-none-eabi/6.3.1/../../../../arm-none-eabi/lib/thumb/v7e-m\libc.a(lib_a-__call_atexit.o)
                                                  d:/microship studio 7/7.0/toolchain/arm/arm-gnu-toolchain/bin/../lib/gcc/arm-none-eabi/6.3.1/../../../../arm-none-eabi/lib/thumb/v7e-m\libc.a(lib_a-__atexit.o)
__bss_end__                                       d:/microship studio 7/7.0/toolchain/arm/arm-gnu-toolchain/bin/../lib/gcc/arm-none-eabi/6.3.1/../../../../arm-none-eabi/lib/thumb/v7e-m/crt0.o
__bss_start__                                     d:/microship studio 7/7.0/toolchain/arm/arm-gnu-toolchain/bin/../lib/gcc/arm-none-eabi/6.3.1/../../../../arm-none-eabi/lib/thumb/v7e-m/crt0.o
__call_exitprocs                                  d:/microship studio 7/7.0/toolchain/arm/arm-gnu-toolchain/bin/../lib/gcc/arm-none-eabi/6.3.1/../../../../arm-none-eabi/lib/thumb/v7e-m\libc.a(lib_a-__call_atexit.o)
                                                  d:/microship studio 7/7.0/toolchain/arm/arm-gnu-toolchain/bin/../lib/gcc/arm-none-eabi/6.3.1/../../../../arm-none-eabi/lib/thumb/v7e-m\libc.a(lib_a-exit.o)
__cmpdf2                                          d:/microship studio 7/7.0/toolchain/arm/arm-gnu-toolchain/bin/../lib/gcc/arm-none-eabi/6.3.1/thumb/v7e-m\libgcc.a(_arm_cmpdf2.o)
__deregister_frame_info                           d:/microship studio 7/7.0/toolchain/arm/arm-gnu-toolchain/bin/../lib/gcc/arm-none-eabi/6.3.1/thumb/v7e-m/crtbegin.o
__divdf3                                          d:/microship studio 7/7.0/toolchain/arm/arm-gnu-toolchain/bin/../lib/gcc/arm-none-eabi/6.3.1/thumb/v7e-m\libgcc.a(_arm_muldivdf3.o)
__dso_handle                                      d:/microship studio 7/7.0/toolchain/arm/arm-gnu-toolchain/bin/../lib/gcc/arm-none-eabi/6.3.1/thumb/v7e-m/crtbegin.o
__eqdf2                                           d:/microship studio 7/7.0/toolchain/arm/arm-gnu-toolchain/bin/../lib/gcc/arm-none-eabi/6.3.1/thumb/v7e-m\libgcc.a(_arm_cmpdf2.o)
__extendsfdf2                                     d:/microship studio 7/7.0/toolchain/arm/arm-gnu-toolchain/bin/../lib/gcc/arm-none-eabi/6.3.1/thumb/v7e-m\libgcc.a(_arm_addsubdf3.o)
__fini_array_end                                  d:/microship studio 7/7.0/toolchain/arm/arm-gnu-toolchain/bin/../lib/gcc/arm-none-eabi/6.3.1/../../../../arm-none-eabi/lib/thumb/v7e-m\libc.a(lib_a-fini.o)
__fini_array_start                                d:/microship studio 7/7.0/toolchain/arm/arm-gnu-toolchain/bin/../lib/gcc/arm-none-eabi/6.3.1/../../../../arm-none-eabi/lib/thumb/v7e-m\libc.a(lib_a-fini.o)
__fixdfsi                                         d:/microship studio 7/7.0/toolchain/arm/arm-gnu-toolchain/bin/../lib/gcc/arm-none-eabi/6.3.1/thumb/v7e-m\libgcc.a(_arm_fixdfsi.o)
__fixunsdfdi                                      d:/microship studio 7/7.0/toolchain/arm/arm-gnu-toolchain/bin/../lib/gcc/arm-none-eabi/6.3.1/thumb/v7e-m\libgcc.a(_fixunsdfdi.o)
__fixunsdfsi                                      d:/microship studio 7/7.0/toolchain/arm/arm-gnu-toolchain/bin/../lib/gcc/arm-none-eabi/6.3.1/thumb/v7e-m\libgcc.a(_arm_fixunsdfsi.o)
__floatdidf                                       d:/microship studio 7/7.0/toolchain/arm/arm-gnu-toolchain/bin/../lib/gcc/arm-none-eabi/6.3.1/thumb/v7e-m\libgcc.a(_arm_addsubdf3.o)
__floatsidf                                       d:/microship studio 7/7.0/toolchain/arm/arm-gnu-toolchain/bin/../lib/gcc/arm-none-eabi/6.3.1/thumb/v7e-m\libgcc.a(_arm_addsubdf3.o)
__floatundidf                                     d:/microship studio 7/7.0/toolchain/arm/arm-gnu-toolchain/bin/../lib/gcc/arm-none-eabi/6.3.1/thumb/v7e-m\libgcc.a(_arm_addsubdf3.o)
__floatunsidf                                     d:/microship studio 7/7.0/toolchain/arm/arm-gnu-toolchain/bin/../lib/gcc/arm-none-eabi/6.3.1/thumb/v7e-m\libgcc.a(_arm_addsubdf3.o)
__gedf2                                           d:/microship studio 7/7.0/toolchain/arm/arm-gnu-toolchain/bin/../lib/gcc/arm-none-eabi/6.3.1/thumb/v7e-m\libgcc.a(_arm_cmpdf2.o)
__gtdf2                                           d:/microship studio 7/7.0/toolchain/arm/arm-gnu-toolchain/bin/../lib/gcc/arm-none-eabi/6.3.1/thumb/v7e-m\libgcc.a(_arm_cmpdf2.o)
__init_array_end                                  d:/microship studio 7/7.0/toolchain/arm/arm-gnu-toolchain/bin/../lib/gcc/arm-none-eabi/6.3.1/../../../../arm-none-eabi/lib/thumb/v7e-m\libc.a(lib_a-init.o)
__init_array_start                                d:/microship studio 7/7.0/toolchain/arm/arm-gnu-toolchain/bin/../lib/gcc/arm-none-eabi/6.3.1/../../../../arm-none-eabi/lib/thumb/v7e-m\libc.a(lib_a-init.o)
__ledf2                                           d:/microship studio 7/7.0/toolchain/arm/arm-gnu-toolchain/bin/../lib/gcc/arm-none-eabi/6.3.1/thumb/v7e-m\libgcc.a(_arm_cmpdf2.o)
__libc_fini                                       d:/microship studio 7/7.0/toolchain/arm/arm-gnu-toolchain/bin/../lib/gcc/arm-none-eabi/6.3.1/../../../../arm-none-eabi/lib/thumb/v7e-m\libc.a(lib_a-__call_atexit.o)